code_commit=47f04bc81e1c93ddf1ed23a561c39fa86d5fd064
88ad1cbc7154fb2aeee7122fdc210986ec91549abaef23ce155723ec945e0b1e  /mnt/rhome/mmi/projects/isbi2027/code/scripts/train_site_probe.py
5e90010bbc0d89e6497f43cb75606207aea3b0fe659888b430f923a934b9c3ad  /mnt/rhome/mmi/projects/isbi2027/code/src/harmonit/data/abide_slices_dataset.py
46da7a7e43c047b80976307eb4223d1e687d78389016b6fe6852c0bae5307d82  /mnt/rhome/mmi/projects/isbi2027/code/src/harmonit/data/label_controls.py
Device: cuda
Run hparams: batch_size=64 epochs=40 lr=0.0003 steps_per_epoch=50 val_batches=0 lr_schedule=cosine warmup_steps=50 worker_reseed=True
MLflow tracking URI: sqlite:////home/mmi/mlflow_local/isbi2027.db
Num classes (sites): 17
Class names: ['CMU', 'Caltech', 'KKI', 'Leuven', 'MaxMun', 'NYU', 'OHSU', 'Olin', 'Pitt', 'SBL', 'SDSU', 'Stanford', 'Trinity', 'UCLA', 'UM', 'USM', 'Yale']

=== Epoch 1/40 ===
Epoch 1 | step 1/50 | loss 3.0652 | elapsed 9.6s
Epoch 1 | step 10/50 | loss 2.8199 | elapsed 23.6s
Epoch 1 | step 20/50 | loss 2.5098 | elapsed 37.3s
Epoch 1 | step 30/50 | loss 2.2823 | elapsed 55.3s
Epoch 1 | step 40/50 | loss 2.0620 | elapsed 68.3s
Epoch 1 | step 50/50 | loss 1.8824 | elapsed 85.3s
[VAL] Epoch 1 | acc=0.3274 | bal_acc=0.2738 | epoch_time=91.2s

=== Epoch 2/40 ===
Epoch 2 | step 1/50 | loss 1.1787 | elapsed 6.7s
Epoch 2 | step 10/50 | loss 0.8971 | elapsed 19.2s
Epoch 2 | step 20/50 | loss 0.8276 | elapsed 31.0s
Epoch 2 | step 30/50 | loss 0.7595 | elapsed 48.1s
Epoch 2 | step 40/50 | loss 0.6961 | elapsed 59.8s
Epoch 2 | step 50/50 | loss 0.6282 | elapsed 76.3s
[VAL] Epoch 2 | acc=0.7345 | bal_acc=0.7129 | epoch_time=81.1s

=== Epoch 3/40 ===
Epoch 3 | step 1/50 | loss 0.2868 | elapsed 5.8s
Epoch 3 | step 10/50 | loss 0.2922 | elapsed 17.6s
Epoch 3 | step 20/50 | loss 0.2722 | elapsed 29.9s
Epoch 3 | step 30/50 | loss 0.2516 | elapsed 46.9s
Epoch 3 | step 40/50 | loss 0.2297 | elapsed 58.8s
Epoch 3 | step 50/50 | loss 0.2123 | elapsed 75.2s
[VAL] Epoch 3 | acc=0.8938 | bal_acc=0.8627 | epoch_time=79.9s

=== Epoch 4/40 ===
Epoch 4 | step 1/50 | loss 0.0989 | elapsed 5.5s
Epoch 4 | step 10/50 | loss 0.1404 | elapsed 16.7s
Epoch 4 | step 20/50 | loss 0.1414 | elapsed 28.8s
Epoch 4 | step 30/50 | loss 0.1592 | elapsed 44.5s
Epoch 4 | step 40/50 | loss 0.1558 | elapsed 56.6s
Epoch 4 | step 50/50 | loss 0.1509 | elapsed 72.7s
[VAL] Epoch 4 | acc=0.8230 | bal_acc=0.8398 | epoch_time=77.6s

=== Epoch 5/40 ===
Epoch 5 | step 1/50 | loss 0.1068 | elapsed 5.3s
Epoch 5 | step 10/50 | loss 0.1168 | elapsed 16.5s
Epoch 5 | step 20/50 | loss 0.1067 | elapsed 28.9s
Epoch 5 | step 30/50 | loss 0.1018 | elapsed 45.0s
Epoch 5 | step 40/50 | loss 0.0963 | elapsed 57.9s
Epoch 5 | step 50/50 | loss 0.0893 | elapsed 75.1s
[VAL] Epoch 5 | acc=0.9558 | bal_acc=0.9580 | epoch_time=80.0s

=== Epoch 6/40 ===
Epoch 6 | step 1/50 | loss 0.0570 | elapsed 5.4s
Epoch 6 | step 10/50 | loss 0.0523 | elapsed 16.1s
Epoch 6 | step 20/50 | loss 0.0520 | elapsed 28.1s
Epoch 6 | step 30/50 | loss 0.0570 | elapsed 45.9s
Epoch 6 | step 40/50 | loss 0.0596 | elapsed 57.6s
Epoch 6 | step 50/50 | loss 0.0705 | elapsed 74.5s
[VAL] Epoch 6 | acc=0.9204 | bal_acc=0.8903 | epoch_time=79.2s

=== Epoch 7/40 ===
Epoch 7 | step 1/50 | loss 0.0559 | elapsed 5.3s
Epoch 7 | step 10/50 | loss 0.0770 | elapsed 17.6s
Epoch 7 | step 20/50 | loss 0.0766 | elapsed 28.6s
Epoch 7 | step 30/50 | loss 0.0747 | elapsed 45.3s
Epoch 7 | step 40/50 | loss 0.0680 | elapsed 56.8s
Epoch 7 | step 50/50 | loss 0.0699 | elapsed 74.0s
[VAL] Epoch 7 | acc=0.5575 | bal_acc=0.4505 | epoch_time=78.8s

=== Epoch 8/40 ===
Epoch 8 | step 1/50 | loss 0.0403 | elapsed 5.6s
Epoch 8 | step 10/50 | loss 0.0743 | elapsed 17.5s
Epoch 8 | step 20/50 | loss 0.0786 | elapsed 28.9s
Epoch 8 | step 30/50 | loss 0.0868 | elapsed 46.0s
Epoch 8 | step 40/50 | loss 0.0885 | elapsed 57.5s
Epoch 8 | step 50/50 | loss 0.0832 | elapsed 73.8s
[VAL] Epoch 8 | acc=0.8230 | bal_acc=0.7585 | epoch_time=78.7s

=== Epoch 9/40 ===
Epoch 9 | step 1/50 | loss 0.0656 | elapsed 5.4s
Epoch 9 | step 10/50 | loss 0.0563 | elapsed 17.0s
Epoch 9 | step 20/50 | loss 0.0464 | elapsed 28.7s
Epoch 9 | step 30/50 | loss 0.0414 | elapsed 45.6s
Epoch 9 | step 40/50 | loss 0.0432 | elapsed 57.5s
Epoch 9 | step 50/50 | loss 0.0402 | elapsed 74.1s
[VAL] Epoch 9 | acc=0.9558 | bal_acc=0.9602 | epoch_time=79.0s

=== Epoch 10/40 ===
Epoch 10 | step 1/50 | loss 0.0517 | elapsed 5.3s
Epoch 10 | step 10/50 | loss 0.0711 | elapsed 16.9s
Epoch 10 | step 20/50 | loss 0.0607 | elapsed 29.0s
Epoch 10 | step 30/50 | loss 0.0524 | elapsed 44.8s
Epoch 10 | step 40/50 | loss 0.0459 | elapsed 57.8s
Epoch 10 | step 50/50 | loss 0.0419 | elapsed 73.5s
[VAL] Epoch 10 | acc=0.8850 | bal_acc=0.8981 | epoch_time=78.3s

=== Epoch 11/40 ===
Epoch 11 | step 1/50 | loss 0.0174 | elapsed 5.5s
Epoch 11 | step 10/50 | loss 0.0178 | elapsed 16.5s
Epoch 11 | step 20/50 | loss 0.0196 | elapsed 28.9s
Epoch 11 | step 30/50 | loss 0.0161 | elapsed 43.9s
Epoch 11 | step 40/50 | loss 0.0150 | elapsed 58.0s
Epoch 11 | step 50/50 | loss 0.0158 | elapsed 71.4s
[VAL] Epoch 11 | acc=0.9823 | bal_acc=0.9794 | epoch_time=76.4s

=== Epoch 12/40 ===
Epoch 12 | step 1/50 | loss 0.0600 | elapsed 5.6s
Epoch 12 | step 10/50 | loss 0.0217 | elapsed 16.5s
Epoch 12 | step 20/50 | loss 0.0194 | elapsed 29.2s
Epoch 12 | step 30/50 | loss 0.0203 | elapsed 44.7s
Epoch 12 | step 40/50 | loss 0.0201 | elapsed 59.7s
Epoch 12 | step 50/50 | loss 0.0202 | elapsed 75.4s
[VAL] Epoch 12 | acc=0.9646 | bal_acc=0.9549 | epoch_time=80.4s

=== Epoch 13/40 ===
Epoch 13 | step 1/50 | loss 0.0189 | elapsed 5.6s
Epoch 13 | step 10/50 | loss 0.0180 | elapsed 16.7s
Epoch 13 | step 20/50 | loss 0.0224 | elapsed 30.2s
Epoch 13 | step 30/50 | loss 0.0216 | elapsed 45.3s
Epoch 13 | step 40/50 | loss 0.0215 | elapsed 60.6s
Epoch 13 | step 50/50 | loss 0.0273 | elapsed 73.3s
[VAL] Epoch 13 | acc=0.9646 | bal_acc=0.9549 | epoch_time=78.4s

=== Epoch 14/40 ===
Epoch 14 | step 1/50 | loss 0.0082 | elapsed 5.5s
Epoch 14 | step 10/50 | loss 0.0251 | elapsed 16.5s
Epoch 14 | step 20/50 | loss 0.0270 | elapsed 30.1s
Epoch 14 | step 30/50 | loss 0.0238 | elapsed 45.9s
Epoch 14 | step 40/50 | loss 0.0218 | elapsed 58.7s
Epoch 14 | step 50/50 | loss 0.0232 | elapsed 73.7s
[VAL] Epoch 14 | acc=0.7965 | bal_acc=0.7943 | epoch_time=78.6s

=== Epoch 15/40 ===
Epoch 15 | step 1/50 | loss 0.0108 | elapsed 6.0s
Epoch 15 | step 10/50 | loss 0.0189 | elapsed 16.6s
Epoch 15 | step 20/50 | loss 0.0203 | elapsed 27.7s
Epoch 15 | step 30/50 | loss 0.0183 | elapsed 44.3s
Epoch 15 | step 40/50 | loss 0.0174 | elapsed 56.9s
Epoch 15 | step 50/50 | loss 0.0168 | elapsed 71.2s
[VAL] Epoch 15 | acc=0.9912 | bal_acc=0.9853 | epoch_time=76.1s

=== Epoch 16/40 ===
Epoch 16 | step 1/50 | loss 0.0193 | elapsed 5.4s
Epoch 16 | step 10/50 | loss 0.0169 | elapsed 16.7s
Epoch 16 | step 20/50 | loss 0.0179 | elapsed 29.1s
Epoch 16 | step 30/50 | loss 0.0156 | elapsed 45.4s
Epoch 16 | step 40/50 | loss 0.0154 | elapsed 58.2s
Epoch 16 | step 50/50 | loss 0.0168 | elapsed 73.5s
[VAL] Epoch 16 | acc=0.9646 | bal_acc=0.9672 | epoch_time=78.4s

=== Epoch 17/40 ===
Epoch 17 | step 1/50 | loss 0.0095 | elapsed 6.2s
Epoch 17 | step 10/50 | loss 0.0156 | elapsed 17.4s
Epoch 17 | step 20/50 | loss 0.0215 | elapsed 28.6s
Epoch 17 | step 30/50 | loss 0.0213 | elapsed 45.1s
Epoch 17 | step 40/50 | loss 0.0222 | elapsed 57.3s
Epoch 17 | step 50/50 | loss 0.0213 | elapsed 73.5s
[VAL] Epoch 17 | acc=0.9646 | bal_acc=0.9363 | epoch_time=78.4s

=== Epoch 18/40 ===
Epoch 18 | step 1/50 | loss 0.0019 | elapsed 5.6s
Epoch 18 | step 10/50 | loss 0.0164 | elapsed 17.0s
Epoch 18 | step 20/50 | loss 0.0156 | elapsed 27.5s
Epoch 18 | step 30/50 | loss 0.0143 | elapsed 45.7s
Epoch 18 | step 40/50 | loss 0.0126 | elapsed 57.2s
Epoch 18 | step 50/50 | loss 0.0137 | elapsed 73.7s
[VAL] Epoch 18 | acc=0.9027 | bal_acc=0.8741 | epoch_time=78.7s

=== Epoch 19/40 ===
Epoch 19 | step 1/50 | loss 0.0122 | elapsed 5.4s
Epoch 19 | step 10/50 | loss 0.0249 | elapsed 16.4s
Epoch 19 | step 20/50 | loss 0.0247 | elapsed 27.7s
Epoch 19 | step 30/50 | loss 0.0195 | elapsed 44.2s
Epoch 19 | step 40/50 | loss 0.0183 | elapsed 56.3s
Epoch 19 | step 50/50 | loss 0.0164 | elapsed 71.5s
[VAL] Epoch 19 | acc=0.9735 | bal_acc=0.9741 | epoch_time=76.5s

=== Epoch 20/40 ===
Epoch 20 | step 1/50 | loss 0.0053 | elapsed 5.6s
Epoch 20 | step 10/50 | loss 0.0046 | elapsed 17.0s
Epoch 20 | step 20/50 | loss 0.0057 | elapsed 29.0s
Epoch 20 | step 30/50 | loss 0.0059 | elapsed 46.8s
Epoch 20 | step 40/50 | loss 0.0057 | elapsed 58.5s
Epoch 20 | step 50/50 | loss 0.0056 | elapsed 75.9s
[VAL] Epoch 20 | acc=0.9912 | bal_acc=0.9947 | epoch_time=80.8s

=== Epoch 21/40 ===
Epoch 21 | step 1/50 | loss 0.0043 | elapsed 5.3s
Epoch 21 | step 10/50 | loss 0.0051 | elapsed 16.6s
Epoch 21 | step 20/50 | loss 0.0047 | elapsed 27.7s
Epoch 21 | step 30/50 | loss 0.0044 | elapsed 44.0s
Epoch 21 | step 40/50 | loss 0.0045 | elapsed 56.7s
Epoch 21 | step 50/50 | loss 0.0043 | elapsed 73.3s
[VAL] Epoch 21 | acc=0.9912 | bal_acc=0.9902 | epoch_time=78.2s

=== Epoch 22/40 ===
Epoch 22 | step 1/50 | loss 0.0007 | elapsed 5.5s
Epoch 22 | step 10/50 | loss 0.0040 | elapsed 16.4s
Epoch 22 | step 20/50 | loss 0.0034 | elapsed 27.8s
Epoch 22 | step 30/50 | loss 0.0039 | elapsed 44.2s
Epoch 22 | step 40/50 | loss 0.0037 | elapsed 56.1s
Epoch 22 | step 50/50 | loss 0.0036 | elapsed 72.1s
[VAL] Epoch 22 | acc=0.9823 | bal_acc=0.9888 | epoch_time=76.9s

=== Epoch 23/40 ===
Epoch 23 | step 1/50 | loss 0.0076 | elapsed 5.6s
Epoch 23 | step 10/50 | loss 0.0026 | elapsed 16.9s
Epoch 23 | step 20/50 | loss 0.0044 | elapsed 27.8s
Epoch 23 | step 30/50 | loss 0.0053 | elapsed 44.2s
Epoch 23 | step 40/50 | loss 0.0048 | elapsed 55.5s
Epoch 23 | step 50/50 | loss 0.0045 | elapsed 72.0s
[VAL] Epoch 23 | acc=1.0000 | bal_acc=1.0000 | epoch_time=76.9s

=== Epoch 24/40 ===
Epoch 24 | step 1/50 | loss 0.0010 | elapsed 5.3s
Epoch 24 | step 10/50 | loss 0.0025 | elapsed 17.2s
Epoch 24 | step 20/50 | loss 0.0023 | elapsed 29.9s
Epoch 24 | step 30/50 | loss 0.0025 | elapsed 46.1s
Epoch 24 | step 40/50 | loss 0.0023 | elapsed 58.4s
Epoch 24 | step 50/50 | loss 0.0022 | elapsed 74.8s
[VAL] Epoch 24 | acc=1.0000 | bal_acc=1.0000 | epoch_time=79.7s

=== Epoch 25/40 ===
Epoch 25 | step 1/50 | loss 0.0010 | elapsed 5.5s
Epoch 25 | step 10/50 | loss 0.0013 | elapsed 16.7s
Epoch 25 | step 20/50 | loss 0.0015 | elapsed 28.3s
Epoch 25 | step 30/50 | loss 0.0015 | elapsed 44.1s
Epoch 25 | step 40/50 | loss 0.0016 | elapsed 56.3s
Epoch 25 | step 50/50 | loss 0.0018 | elapsed 73.1s
[VAL] Epoch 25 | acc=1.0000 | bal_acc=1.0000 | epoch_time=78.0s

=== Epoch 26/40 ===
Epoch 26 | step 1/50 | loss 0.0006 | elapsed 5.6s
Epoch 26 | step 10/50 | loss 0.0044 | elapsed 16.9s
Epoch 26 | step 20/50 | loss 0.0031 | elapsed 28.5s
Epoch 26 | step 30/50 | loss 0.0028 | elapsed 44.6s
Epoch 26 | step 40/50 | loss 0.0028 | elapsed 57.1s
Epoch 26 | step 50/50 | loss 0.0026 | elapsed 72.7s
[VAL] Epoch 26 | acc=1.0000 | bal_acc=1.0000 | epoch_time=77.5s

=== Epoch 27/40 ===
Epoch 27 | step 1/50 | loss 0.0005 | elapsed 5.7s
Epoch 27 | step 10/50 | loss 0.0013 | elapsed 16.4s
Epoch 27 | step 20/50 | loss 0.0011 | elapsed 28.6s
Epoch 27 | step 30/50 | loss 0.0011 | elapsed 44.2s
Epoch 27 | step 40/50 | loss 0.0012 | elapsed 57.8s
Epoch 27 | step 50/50 | loss 0.0013 | elapsed 74.5s
[VAL] Epoch 27 | acc=1.0000 | bal_acc=1.0000 | epoch_time=79.4s

=== Epoch 28/40 ===
Epoch 28 | step 1/50 | loss 0.0006 | elapsed 5.4s
Epoch 28 | step 10/50 | loss 0.0009 | elapsed 16.5s
Epoch 28 | step 20/50 | loss 0.0023 | elapsed 29.1s
Epoch 28 | step 30/50 | loss 0.0022 | elapsed 44.5s
Epoch 28 | step 40/50 | loss 0.0021 | elapsed 58.4s
Epoch 28 | step 50/50 | loss 0.0022 | elapsed 71.8s
[VAL] Epoch 28 | acc=0.9912 | bal_acc=0.9947 | epoch_time=77.3s

=== Epoch 29/40 ===
Epoch 29 | step 1/50 | loss 0.0016 | elapsed 5.5s
Epoch 29 | step 10/50 | loss 0.0027 | elapsed 16.8s
Epoch 29 | step 20/50 | loss 0.0020 | elapsed 28.5s
Epoch 29 | step 30/50 | loss 0.0019 | elapsed 44.9s
Epoch 29 | step 40/50 | loss 0.0018 | elapsed 55.6s
Epoch 29 | step 50/50 | loss 0.0017 | elapsed 72.1s
[VAL] Epoch 29 | acc=1.0000 | bal_acc=1.0000 | epoch_time=77.1s

=== Epoch 30/40 ===
Epoch 30 | step 1/50 | loss 0.0005 | elapsed 5.9s
Epoch 30 | step 10/50 | loss 0.0015 | elapsed 17.2s
Epoch 30 | step 20/50 | loss 0.0014 | elapsed 28.5s
Epoch 30 | step 30/50 | loss 0.0015 | elapsed 45.1s
Epoch 30 | step 40/50 | loss 0.0013 | elapsed 56.8s
Epoch 30 | step 50/50 | loss 0.0014 | elapsed 74.4s
[VAL] Epoch 30 | acc=1.0000 | bal_acc=1.0000 | epoch_time=79.3s

=== Epoch 31/40 ===
Epoch 31 | step 1/50 | loss 0.0009 | elapsed 6.5s
Epoch 31 | step 10/50 | loss 0.0010 | elapsed 17.7s
Epoch 31 | step 20/50 | loss 0.0017 | elapsed 30.1s
Epoch 31 | step 30/50 | loss 0.0016 | elapsed 45.4s
Epoch 31 | step 40/50 | loss 0.0016 | elapsed 62.2s
Epoch 31 | step 50/50 | loss 0.0025 | elapsed 74.2s
[VAL] Epoch 31 | acc=1.0000 | bal_acc=1.0000 | epoch_time=79.2s

=== Epoch 32/40 ===
Epoch 32 | step 1/50 | loss 0.0034 | elapsed 5.2s
Epoch 32 | step 10/50 | loss 0.0012 | elapsed 16.6s
Epoch 32 | step 20/50 | loss 0.0013 | elapsed 28.3s
Epoch 32 | step 30/50 | loss 0.0014 | elapsed 45.8s
Epoch 32 | step 40/50 | loss 0.0018 | elapsed 57.6s
Epoch 32 | step 50/50 | loss 0.0017 | elapsed 74.4s
[VAL] Epoch 32 | acc=1.0000 | bal_acc=1.0000 | epoch_time=79.4s

=== Epoch 33/40 ===
Epoch 33 | step 1/50 | loss 0.0043 | elapsed 6.2s
Epoch 33 | step 10/50 | loss 0.0014 | elapsed 17.6s
Epoch 33 | step 20/50 | loss 0.0012 | elapsed 29.3s
Epoch 33 | step 30/50 | loss 0.0012 | elapsed 45.0s
Epoch 33 | step 40/50 | loss 0.0013 | elapsed 56.9s
Epoch 33 | step 50/50 | loss 0.0012 | elapsed 75.2s
[VAL] Epoch 33 | acc=1.0000 | bal_acc=1.0000 | epoch_time=80.1s

=== Epoch 34/40 ===
Epoch 34 | step 1/50 | loss 0.0008 | elapsed 5.9s
Epoch 34 | step 10/50 | loss 0.0023 | elapsed 16.8s
Epoch 34 | step 20/50 | loss 0.0020 | elapsed 28.8s
Epoch 34 | step 30/50 | loss 0.0017 | elapsed 45.6s
Epoch 34 | step 40/50 | loss 0.0015 | elapsed 58.1s
Epoch 34 | step 50/50 | loss 0.0014 | elapsed 72.6s
[VAL] Epoch 34 | acc=1.0000 | bal_acc=1.0000 | epoch_time=77.6s

=== Epoch 35/40 ===
Epoch 35 | step 1/50 | loss 0.0010 | elapsed 5.6s
Epoch 35 | step 10/50 | loss 0.0016 | elapsed 17.4s
Epoch 35 | step 20/50 | loss 0.0014 | elapsed 28.7s
Epoch 35 | step 30/50 | loss 0.0015 | elapsed 45.6s
Epoch 35 | step 40/50 | loss 0.0016 | elapsed 61.1s
Epoch 35 | step 50/50 | loss 0.0015 | elapsed 74.0s
[VAL] Epoch 35 | acc=1.0000 | bal_acc=1.0000 | epoch_time=79.0s

=== Epoch 36/40 ===
Epoch 36 | step 1/50 | loss 0.0006 | elapsed 5.6s
Epoch 36 | step 10/50 | loss 0.0011 | elapsed 17.4s
Epoch 36 | step 20/50 | loss 0.0012 | elapsed 28.9s
Epoch 36 | step 30/50 | loss 0.0012 | elapsed 46.1s
Epoch 36 | step 40/50 | loss 0.0012 | elapsed 57.0s
Epoch 36 | step 50/50 | loss 0.0013 | elapsed 73.2s
[VAL] Epoch 36 | acc=1.0000 | bal_acc=1.0000 | epoch_time=78.2s

=== Epoch 37/40 ===
Epoch 37 | step 1/50 | loss 0.0007 | elapsed 5.6s
Epoch 37 | step 10/50 | loss 0.0008 | elapsed 17.0s
Epoch 37 | step 20/50 | loss 0.0010 | elapsed 29.8s
Epoch 37 | step 30/50 | loss 0.0011 | elapsed 47.0s
Epoch 37 | step 40/50 | loss 0.0011 | elapsed 59.1s
Epoch 37 | step 50/50 | loss 0.0011 | elapsed 75.9s
[VAL] Epoch 37 | acc=1.0000 | bal_acc=1.0000 | epoch_time=80.8s

=== Epoch 38/40 ===
Epoch 38 | step 1/50 | loss 0.0016 | elapsed 5.7s
Epoch 38 | step 10/50 | loss 0.0013 | elapsed 16.4s
Epoch 38 | step 20/50 | loss 0.0010 | elapsed 28.4s
Epoch 38 | step 30/50 | loss 0.0009 | elapsed 44.7s
Epoch 38 | step 40/50 | loss 0.0009 | elapsed 56.7s
Epoch 38 | step 50/50 | loss 0.0011 | elapsed 72.5s
[VAL] Epoch 38 | acc=1.0000 | bal_acc=1.0000 | epoch_time=77.5s

=== Epoch 39/40 ===
Epoch 39 | step 1/50 | loss 0.0005 | elapsed 5.7s
Epoch 39 | step 10/50 | loss 0.0017 | elapsed 16.3s
Epoch 39 | step 20/50 | loss 0.0015 | elapsed 28.3s
Epoch 39 | step 30/50 | loss 0.0013 | elapsed 45.1s
Epoch 39 | step 40/50 | loss 0.0015 | elapsed 56.6s
Epoch 39 | step 50/50 | loss 0.0014 | elapsed 73.8s
[VAL] Epoch 39 | acc=1.0000 | bal_acc=1.0000 | epoch_time=78.7s

=== Epoch 40/40 ===
Epoch 40 | step 1/50 | loss 0.0004 | elapsed 5.3s
Epoch 40 | step 10/50 | loss 0.0013 | elapsed 16.7s
Epoch 40 | step 20/50 | loss 0.0010 | elapsed 28.6s
Epoch 40 | step 30/50 | loss 0.0010 | elapsed 45.5s
Epoch 40 | step 40/50 | loss 0.0009 | elapsed 56.8s
Epoch 40 | step 50/50 | loss 0.0010 | elapsed 72.7s
[VAL] Epoch 40 | acc=1.0000 | bal_acc=1.0000 | epoch_time=77.6s
Done. Best val balanced accuracy: 1.0
Run dir: runs/site_probe/isbi2027__converged_raw_seed7/20261007_063116
