code_commit=47f04bc81e1c93ddf1ed23a561c39fa86d5fd064
88ad1cbc7154fb2aeee7122fdc210986ec91549abaef23ce155723ec945e0b1e  /mnt/rhome/mmi/projects/isbi2027/code/scripts/train_site_probe.py
5e90010bbc0d89e6497f43cb75606207aea3b0fe659888b430f923a934b9c3ad  /mnt/rhome/mmi/projects/isbi2027/code/src/harmonit/data/abide_slices_dataset.py
46da7a7e43c047b80976307eb4223d1e687d78389016b6fe6852c0bae5307d82  /mnt/rhome/mmi/projects/isbi2027/code/src/harmonit/data/label_controls.py
Device: cuda
Run hparams: batch_size=64 epochs=40 lr=0.0003 steps_per_epoch=50 val_batches=0 lr_schedule=cosine warmup_steps=50 worker_reseed=True
MLflow tracking URI: sqlite:////home/mmi/mlflow_local/isbi2027.db
Num classes (sites): 17
Class names: ['CMU', 'Caltech', 'KKI', 'Leuven', 'MaxMun', 'NYU', 'OHSU', 'Olin', 'Pitt', 'SBL', 'SDSU', 'Stanford', 'Trinity', 'UCLA', 'UM', 'USM', 'Yale']

=== Epoch 1/40 ===
Epoch 1 | step 1/50 | loss 2.7093 | elapsed 7.7s
Epoch 1 | step 10/50 | loss 2.7201 | elapsed 19.9s
Epoch 1 | step 20/50 | loss 2.5139 | elapsed 33.4s
Epoch 1 | step 30/50 | loss 2.2726 | elapsed 51.2s
Epoch 1 | step 40/50 | loss 2.0620 | elapsed 65.2s
Epoch 1 | step 50/50 | loss 1.8667 | elapsed 83.2s
[VAL] Epoch 1 | acc=0.6106 | bal_acc=0.4816 | epoch_time=89.4s

=== Epoch 2/40 ===
Epoch 2 | step 1/50 | loss 0.8290 | elapsed 6.7s
Epoch 2 | step 10/50 | loss 0.7915 | elapsed 19.1s
Epoch 2 | step 20/50 | loss 0.7348 | elapsed 31.3s
Epoch 2 | step 30/50 | loss 0.6623 | elapsed 48.6s
Epoch 2 | step 40/50 | loss 0.5898 | elapsed 60.6s
Epoch 2 | step 50/50 | loss 0.5338 | elapsed 78.0s
[VAL] Epoch 2 | acc=0.8761 | bal_acc=0.8515 | epoch_time=83.0s

=== Epoch 3/40 ===
Epoch 3 | step 1/50 | loss 0.3110 | elapsed 5.3s
Epoch 3 | step 10/50 | loss 0.2494 | elapsed 17.6s
Epoch 3 | step 20/50 | loss 0.2586 | elapsed 30.1s
Epoch 3 | step 30/50 | loss 0.2364 | elapsed 46.5s
Epoch 3 | step 40/50 | loss 0.2259 | elapsed 60.4s
Epoch 3 | step 50/50 | loss 0.2173 | elapsed 73.9s
[VAL] Epoch 3 | acc=0.8496 | bal_acc=0.8196 | epoch_time=78.9s

=== Epoch 4/40 ===
Epoch 4 | step 1/50 | loss 0.2167 | elapsed 6.0s
Epoch 4 | step 10/50 | loss 0.1530 | elapsed 17.0s
Epoch 4 | step 20/50 | loss 0.1489 | elapsed 30.5s
Epoch 4 | step 30/50 | loss 0.1469 | elapsed 44.0s
Epoch 4 | step 40/50 | loss 0.1458 | elapsed 59.2s
Epoch 4 | step 50/50 | loss 0.1385 | elapsed 72.0s
[VAL] Epoch 4 | acc=0.9469 | bal_acc=0.9340 | epoch_time=77.0s

=== Epoch 5/40 ===
Epoch 5 | step 1/50 | loss 0.1634 | elapsed 5.6s
Epoch 5 | step 10/50 | loss 0.0988 | elapsed 16.8s
Epoch 5 | step 20/50 | loss 0.1038 | elapsed 28.9s
Epoch 5 | step 30/50 | loss 0.1010 | elapsed 44.6s
Epoch 5 | step 40/50 | loss 0.1073 | elapsed 56.3s
Epoch 5 | step 50/50 | loss 0.1120 | elapsed 72.4s
[VAL] Epoch 5 | acc=0.7257 | bal_acc=0.6556 | epoch_time=77.2s

=== Epoch 6/40 ===
Epoch 6 | step 1/50 | loss 0.0791 | elapsed 5.8s
Epoch 6 | step 10/50 | loss 0.0985 | elapsed 18.7s
Epoch 6 | step 20/50 | loss 0.0931 | elapsed 30.4s
Epoch 6 | step 30/50 | loss 0.1025 | elapsed 46.7s
Epoch 6 | step 40/50 | loss 0.1024 | elapsed 58.6s
Epoch 6 | step 50/50 | loss 0.0979 | elapsed 74.3s
[VAL] Epoch 6 | acc=0.8496 | bal_acc=0.8236 | epoch_time=79.2s

=== Epoch 7/40 ===
Epoch 7 | step 1/50 | loss 0.1241 | elapsed 5.9s
Epoch 7 | step 10/50 | loss 0.0838 | elapsed 18.2s
Epoch 7 | step 20/50 | loss 0.0711 | elapsed 29.8s
Epoch 7 | step 30/50 | loss 0.0638 | elapsed 46.3s
Epoch 7 | step 40/50 | loss 0.0649 | elapsed 57.7s
Epoch 7 | step 50/50 | loss 0.0619 | elapsed 74.3s
[VAL] Epoch 7 | acc=0.7257 | bal_acc=0.7735 | epoch_time=79.1s

=== Epoch 8/40 ===
Epoch 8 | step 1/50 | loss 0.0575 | elapsed 5.7s
Epoch 8 | step 10/50 | loss 0.0646 | elapsed 16.8s
Epoch 8 | step 20/50 | loss 0.0603 | elapsed 29.8s
Epoch 8 | step 30/50 | loss 0.0566 | elapsed 46.7s
Epoch 8 | step 40/50 | loss 0.0528 | elapsed 57.9s
Epoch 8 | step 50/50 | loss 0.0510 | elapsed 74.7s
[VAL] Epoch 8 | acc=0.9469 | bal_acc=0.9487 | epoch_time=79.7s

=== Epoch 9/40 ===
Epoch 9 | step 1/50 | loss 0.0114 | elapsed 5.2s
Epoch 9 | step 10/50 | loss 0.0332 | elapsed 17.2s
Epoch 9 | step 20/50 | loss 0.0329 | elapsed 29.7s
Epoch 9 | step 30/50 | loss 0.0347 | elapsed 48.6s
Epoch 9 | step 40/50 | loss 0.0343 | elapsed 61.9s
Epoch 9 | step 50/50 | loss 0.0350 | elapsed 78.5s
[VAL] Epoch 9 | acc=0.8407 | bal_acc=0.7388 | epoch_time=83.6s

=== Epoch 10/40 ===
Epoch 10 | step 1/50 | loss 0.0246 | elapsed 6.1s
Epoch 10 | step 10/50 | loss 0.0333 | elapsed 17.8s
Epoch 10 | step 20/50 | loss 0.0358 | elapsed 29.9s
Epoch 10 | step 30/50 | loss 0.0320 | elapsed 47.0s
Epoch 10 | step 40/50 | loss 0.0317 | elapsed 60.1s
Epoch 10 | step 50/50 | loss 0.0311 | elapsed 74.9s
[VAL] Epoch 10 | acc=0.8673 | bal_acc=0.8665 | epoch_time=79.8s

=== Epoch 11/40 ===
Epoch 11 | step 1/50 | loss 0.0116 | elapsed 6.0s
Epoch 11 | step 10/50 | loss 0.0294 | elapsed 17.6s
Epoch 11 | step 20/50 | loss 0.0244 | elapsed 29.6s
Epoch 11 | step 30/50 | loss 0.0232 | elapsed 46.5s
Epoch 11 | step 40/50 | loss 0.0212 | elapsed 58.5s
Epoch 11 | step 50/50 | loss 0.0222 | elapsed 74.0s
[VAL] Epoch 11 | acc=0.9646 | bal_acc=0.9535 | epoch_time=79.0s

=== Epoch 12/40 ===
Epoch 12 | step 1/50 | loss 0.0255 | elapsed 5.6s
Epoch 12 | step 10/50 | loss 0.0303 | elapsed 17.6s
Epoch 12 | step 20/50 | loss 0.0269 | elapsed 29.0s
Epoch 12 | step 30/50 | loss 0.0276 | elapsed 47.0s
Epoch 12 | step 40/50 | loss 0.0349 | elapsed 58.5s
Epoch 12 | step 50/50 | loss 0.0369 | elapsed 74.7s
[VAL] Epoch 12 | acc=0.7965 | bal_acc=0.7820 | epoch_time=79.7s

=== Epoch 13/40 ===
Epoch 13 | step 1/50 | loss 0.0191 | elapsed 6.1s
Epoch 13 | step 10/50 | loss 0.0424 | elapsed 17.3s
Epoch 13 | step 20/50 | loss 0.0406 | elapsed 28.8s
Epoch 13 | step 30/50 | loss 0.0386 | elapsed 44.6s
Epoch 13 | step 40/50 | loss 0.0354 | elapsed 56.3s
Epoch 13 | step 50/50 | loss 0.0318 | elapsed 71.9s
[VAL] Epoch 13 | acc=0.9735 | bal_acc=0.9703 | epoch_time=76.8s

=== Epoch 14/40 ===
Epoch 14 | step 1/50 | loss 0.0612 | elapsed 6.2s
Epoch 14 | step 10/50 | loss 0.0184 | elapsed 17.6s
Epoch 14 | step 20/50 | loss 0.0178 | elapsed 30.8s
Epoch 14 | step 30/50 | loss 0.0212 | elapsed 46.2s
Epoch 14 | step 40/50 | loss 0.0228 | elapsed 59.9s
Epoch 14 | step 50/50 | loss 0.0237 | elapsed 74.3s
[VAL] Epoch 14 | acc=0.9558 | bal_acc=0.9611 | epoch_time=79.2s

=== Epoch 15/40 ===
Epoch 15 | step 1/50 | loss 0.0194 | elapsed 5.6s
Epoch 15 | step 10/50 | loss 0.0248 | elapsed 16.7s
Epoch 15 | step 20/50 | loss 0.0254 | elapsed 29.1s
Epoch 15 | step 30/50 | loss 0.0257 | elapsed 46.7s
Epoch 15 | step 40/50 | loss 0.0244 | elapsed 58.1s
Epoch 15 | step 50/50 | loss 0.0240 | elapsed 74.5s
[VAL] Epoch 15 | acc=0.9912 | bal_acc=0.9902 | epoch_time=79.4s

=== Epoch 16/40 ===
Epoch 16 | step 1/50 | loss 0.0030 | elapsed 6.2s
Epoch 16 | step 10/50 | loss 0.0115 | elapsed 17.6s
Epoch 16 | step 20/50 | loss 0.0105 | elapsed 29.1s
Epoch 16 | step 30/50 | loss 0.0099 | elapsed 45.6s
Epoch 16 | step 40/50 | loss 0.0100 | elapsed 57.2s
Epoch 16 | step 50/50 | loss 0.0101 | elapsed 73.6s
[VAL] Epoch 16 | acc=0.9823 | bal_acc=0.9706 | epoch_time=78.6s

=== Epoch 17/40 ===
Epoch 17 | step 1/50 | loss 0.0018 | elapsed 6.5s
Epoch 17 | step 10/50 | loss 0.0086 | elapsed 17.9s
Epoch 17 | step 20/50 | loss 0.0092 | elapsed 28.5s
Epoch 17 | step 30/50 | loss 0.0084 | elapsed 46.3s
Epoch 17 | step 40/50 | loss 0.0075 | elapsed 57.4s
Epoch 17 | step 50/50 | loss 0.0073 | elapsed 74.3s
[VAL] Epoch 17 | acc=0.9912 | bal_acc=0.9853 | epoch_time=79.2s

=== Epoch 18/40 ===
Epoch 18 | step 1/50 | loss 0.0025 | elapsed 5.9s
Epoch 18 | step 10/50 | loss 0.0058 | elapsed 17.4s
Epoch 18 | step 20/50 | loss 0.0062 | elapsed 28.8s
Epoch 18 | step 30/50 | loss 0.0056 | elapsed 43.9s
Epoch 18 | step 40/50 | loss 0.0060 | elapsed 57.8s
Epoch 18 | step 50/50 | loss 0.0060 | elapsed 71.2s
[VAL] Epoch 18 | acc=0.9912 | bal_acc=0.9853 | epoch_time=76.2s

=== Epoch 19/40 ===
Epoch 19 | step 1/50 | loss 0.0234 | elapsed 5.9s
Epoch 19 | step 10/50 | loss 0.0077 | elapsed 17.5s
Epoch 19 | step 20/50 | loss 0.0059 | elapsed 28.9s
Epoch 19 | step 30/50 | loss 0.0056 | elapsed 45.2s
Epoch 19 | step 40/50 | loss 0.0050 | elapsed 56.1s
Epoch 19 | step 50/50 | loss 0.0046 | elapsed 71.8s
[VAL] Epoch 19 | acc=0.9823 | bal_acc=0.9888 | epoch_time=76.8s

=== Epoch 20/40 ===
Epoch 20 | step 1/50 | loss 0.0035 | elapsed 5.6s
Epoch 20 | step 10/50 | loss 0.0037 | elapsed 17.6s
Epoch 20 | step 20/50 | loss 0.0038 | elapsed 29.5s
Epoch 20 | step 30/50 | loss 0.0035 | elapsed 45.8s
Epoch 20 | step 40/50 | loss 0.0032 | elapsed 56.8s
Epoch 20 | step 50/50 | loss 0.0032 | elapsed 73.3s
[VAL] Epoch 20 | acc=0.9912 | bal_acc=0.9947 | epoch_time=78.2s

=== Epoch 21/40 ===
Epoch 21 | step 1/50 | loss 0.0016 | elapsed 5.4s
Epoch 21 | step 10/50 | loss 0.0020 | elapsed 17.3s
Epoch 21 | step 20/50 | loss 0.0024 | elapsed 28.6s
Epoch 21 | step 30/50 | loss 0.0026 | elapsed 45.4s
Epoch 21 | step 40/50 | loss 0.0025 | elapsed 56.8s
Epoch 21 | step 50/50 | loss 0.0025 | elapsed 73.0s
[VAL] Epoch 21 | acc=0.9823 | bal_acc=0.9799 | epoch_time=78.0s

=== Epoch 22/40 ===
Epoch 22 | step 1/50 | loss 0.0034 | elapsed 5.6s
Epoch 22 | step 10/50 | loss 0.0030 | elapsed 16.9s
Epoch 22 | step 20/50 | loss 0.0023 | elapsed 28.1s
Epoch 22 | step 30/50 | loss 0.0025 | elapsed 45.2s
Epoch 22 | step 40/50 | loss 0.0027 | elapsed 56.6s
Epoch 22 | step 50/50 | loss 0.0026 | elapsed 72.5s
[VAL] Epoch 22 | acc=1.0000 | bal_acc=1.0000 | epoch_time=77.5s

=== Epoch 23/40 ===
Epoch 23 | step 1/50 | loss 0.0119 | elapsed 5.5s
Epoch 23 | step 10/50 | loss 0.0040 | elapsed 17.3s
Epoch 23 | step 20/50 | loss 0.0037 | elapsed 28.4s
Epoch 23 | step 30/50 | loss 0.0030 | elapsed 45.4s
Epoch 23 | step 40/50 | loss 0.0027 | elapsed 56.5s
Epoch 23 | step 50/50 | loss 0.0025 | elapsed 72.0s
[VAL] Epoch 23 | acc=1.0000 | bal_acc=1.0000 | epoch_time=76.9s

=== Epoch 24/40 ===
Epoch 24 | step 1/50 | loss 0.0008 | elapsed 5.4s
Epoch 24 | step 10/50 | loss 0.0031 | elapsed 19.0s
Epoch 24 | step 20/50 | loss 0.0033 | elapsed 31.2s
Epoch 24 | step 30/50 | loss 0.0030 | elapsed 48.5s
Epoch 24 | step 40/50 | loss 0.0030 | elapsed 59.3s
Epoch 24 | step 50/50 | loss 0.0028 | elapsed 75.6s
[VAL] Epoch 24 | acc=0.9912 | bal_acc=0.9947 | epoch_time=80.4s

=== Epoch 25/40 ===
Epoch 25 | step 1/50 | loss 0.0152 | elapsed 5.5s
Epoch 25 | step 10/50 | loss 0.0029 | elapsed 17.9s
Epoch 25 | step 20/50 | loss 0.0021 | elapsed 29.8s
Epoch 25 | step 30/50 | loss 0.0018 | elapsed 45.9s
Epoch 25 | step 40/50 | loss 0.0019 | elapsed 57.9s
Epoch 25 | step 50/50 | loss 0.0019 | elapsed 73.4s
[VAL] Epoch 25 | acc=0.9912 | bal_acc=0.9947 | epoch_time=78.3s

=== Epoch 26/40 ===
Epoch 26 | step 1/50 | loss 0.0011 | elapsed 6.1s
Epoch 26 | step 10/50 | loss 0.0041 | elapsed 16.7s
Epoch 26 | step 20/50 | loss 0.0049 | elapsed 29.1s
Epoch 26 | step 30/50 | loss 0.0040 | elapsed 44.4s
Epoch 26 | step 40/50 | loss 0.0044 | elapsed 56.3s
Epoch 26 | step 50/50 | loss 0.0039 | elapsed 71.6s
[VAL] Epoch 26 | acc=0.9912 | bal_acc=0.9853 | epoch_time=76.6s

=== Epoch 27/40 ===
Epoch 27 | step 1/50 | loss 0.0022 | elapsed 5.6s
Epoch 27 | step 10/50 | loss 0.0023 | elapsed 16.9s
Epoch 27 | step 20/50 | loss 0.0024 | elapsed 28.4s
Epoch 27 | step 30/50 | loss 0.0022 | elapsed 44.4s
Epoch 27 | step 40/50 | loss 0.0021 | elapsed 58.6s
Epoch 27 | step 50/50 | loss 0.0019 | elapsed 71.4s
[VAL] Epoch 27 | acc=0.9912 | bal_acc=0.9947 | epoch_time=76.3s

=== Epoch 28/40 ===
Epoch 28 | step 1/50 | loss 0.0008 | elapsed 5.7s
Epoch 28 | step 10/50 | loss 0.0021 | elapsed 17.4s
Epoch 28 | step 20/50 | loss 0.0017 | elapsed 31.9s
Epoch 28 | step 30/50 | loss 0.0020 | elapsed 45.5s
Epoch 28 | step 40/50 | loss 0.0020 | elapsed 59.3s
Epoch 28 | step 50/50 | loss 0.0019 | elapsed 73.6s
[VAL] Epoch 28 | acc=0.9912 | bal_acc=0.9947 | epoch_time=79.0s

=== Epoch 29/40 ===
Epoch 29 | step 1/50 | loss 0.0025 | elapsed 6.2s
Epoch 29 | step 10/50 | loss 0.0020 | elapsed 17.7s
Epoch 29 | step 20/50 | loss 0.0015 | elapsed 31.8s
Epoch 29 | step 30/50 | loss 0.0015 | elapsed 45.5s
Epoch 29 | step 40/50 | loss 0.0015 | elapsed 61.0s
Epoch 29 | step 50/50 | loss 0.0015 | elapsed 72.7s
[VAL] Epoch 29 | acc=0.9823 | bal_acc=0.9799 | epoch_time=77.7s

=== Epoch 30/40 ===
Epoch 30 | step 1/50 | loss 0.0008 | elapsed 5.4s
Epoch 30 | step 10/50 | loss 0.0013 | elapsed 17.6s
Epoch 30 | step 20/50 | loss 0.0012 | elapsed 29.6s
Epoch 30 | step 30/50 | loss 0.0012 | elapsed 49.2s
Epoch 30 | step 40/50 | loss 0.0013 | elapsed 61.4s
Epoch 30 | step 50/50 | loss 0.0013 | elapsed 78.0s
[VAL] Epoch 30 | acc=0.9823 | bal_acc=0.9799 | epoch_time=83.0s

=== Epoch 31/40 ===
Epoch 31 | step 1/50 | loss 0.0005 | elapsed 6.1s
Epoch 31 | step 10/50 | loss 0.0015 | elapsed 17.5s
Epoch 31 | step 20/50 | loss 0.0012 | elapsed 31.9s
Epoch 31 | step 30/50 | loss 0.0014 | elapsed 45.8s
Epoch 31 | step 40/50 | loss 0.0016 | elapsed 60.3s
Epoch 31 | step 50/50 | loss 0.0018 | elapsed 73.2s
[VAL] Epoch 31 | acc=0.9912 | bal_acc=0.9947 | epoch_time=78.2s

=== Epoch 32/40 ===
Epoch 32 | step 1/50 | loss 0.0013 | elapsed 5.5s
Epoch 32 | step 10/50 | loss 0.0010 | elapsed 17.5s
Epoch 32 | step 20/50 | loss 0.0014 | elapsed 30.0s
Epoch 32 | step 30/50 | loss 0.0017 | elapsed 47.7s
Epoch 32 | step 40/50 | loss 0.0015 | elapsed 58.4s
Epoch 32 | step 50/50 | loss 0.0015 | elapsed 74.8s
[VAL] Epoch 32 | acc=0.9912 | bal_acc=0.9947 | epoch_time=79.8s

=== Epoch 33/40 ===
Epoch 33 | step 1/50 | loss 0.0006 | elapsed 5.5s
Epoch 33 | step 10/50 | loss 0.0016 | elapsed 16.8s
Epoch 33 | step 20/50 | loss 0.0014 | elapsed 31.0s
Epoch 33 | step 30/50 | loss 0.0013 | elapsed 45.4s
Epoch 33 | step 40/50 | loss 0.0012 | elapsed 60.5s
Epoch 33 | step 50/50 | loss 0.0011 | elapsed 72.8s
[VAL] Epoch 33 | acc=0.9823 | bal_acc=0.9799 | epoch_time=77.6s

=== Epoch 34/40 ===
Epoch 34 | step 1/50 | loss 0.0022 | elapsed 5.8s
Epoch 34 | step 10/50 | loss 0.0011 | elapsed 18.1s
Epoch 34 | step 20/50 | loss 0.0012 | elapsed 29.6s
Epoch 34 | step 30/50 | loss 0.0013 | elapsed 46.0s
Epoch 34 | step 40/50 | loss 0.0012 | elapsed 58.5s
Epoch 34 | step 50/50 | loss 0.0012 | elapsed 73.9s
[VAL] Epoch 34 | acc=1.0000 | bal_acc=1.0000 | epoch_time=79.0s

=== Epoch 35/40 ===
Epoch 35 | step 1/50 | loss 0.0030 | elapsed 7.3s
Epoch 35 | step 10/50 | loss 0.0017 | elapsed 18.6s
Epoch 35 | step 20/50 | loss 0.0014 | elapsed 31.8s
Epoch 35 | step 30/50 | loss 0.0012 | elapsed 46.2s
Epoch 35 | step 40/50 | loss 0.0015 | elapsed 60.4s
Epoch 35 | step 50/50 | loss 0.0014 | elapsed 74.1s
[VAL] Epoch 35 | acc=1.0000 | bal_acc=1.0000 | epoch_time=79.0s

=== Epoch 36/40 ===
Epoch 36 | step 1/50 | loss 0.0008 | elapsed 6.8s
Epoch 36 | step 10/50 | loss 0.0029 | elapsed 17.4s
Epoch 36 | step 20/50 | loss 0.0020 | elapsed 28.3s
Epoch 36 | step 30/50 | loss 0.0021 | elapsed 45.6s
Epoch 36 | step 40/50 | loss 0.0018 | elapsed 57.1s
Epoch 36 | step 50/50 | loss 0.0017 | elapsed 72.8s
[VAL] Epoch 36 | acc=0.9912 | bal_acc=0.9947 | epoch_time=77.7s

=== Epoch 37/40 ===
Epoch 37 | step 1/50 | loss 0.0008 | elapsed 6.0s
Epoch 37 | step 10/50 | loss 0.0011 | elapsed 16.8s
Epoch 37 | step 20/50 | loss 0.0015 | elapsed 29.1s
Epoch 37 | step 30/50 | loss 0.0013 | elapsed 46.9s
Epoch 37 | step 40/50 | loss 0.0014 | elapsed 58.3s
Epoch 37 | step 50/50 | loss 0.0013 | elapsed 74.6s
[VAL] Epoch 37 | acc=1.0000 | bal_acc=1.0000 | epoch_time=79.6s

=== Epoch 38/40 ===
Epoch 38 | step 1/50 | loss 0.0057 | elapsed 5.5s
Epoch 38 | step 10/50 | loss 0.0011 | elapsed 17.2s
Epoch 38 | step 20/50 | loss 0.0012 | elapsed 29.9s
Epoch 38 | step 30/50 | loss 0.0010 | elapsed 47.4s
Epoch 38 | step 40/50 | loss 0.0010 | elapsed 58.9s
Epoch 38 | step 50/50 | loss 0.0010 | elapsed 75.0s
[VAL] Epoch 38 | acc=0.9912 | bal_acc=0.9947 | epoch_time=80.0s

=== Epoch 39/40 ===
Epoch 39 | step 1/50 | loss 0.0022 | elapsed 5.6s
Epoch 39 | step 10/50 | loss 0.0015 | elapsed 16.9s
Epoch 39 | step 20/50 | loss 0.0012 | elapsed 28.2s
Epoch 39 | step 30/50 | loss 0.0010 | elapsed 45.1s
Epoch 39 | step 40/50 | loss 0.0013 | elapsed 57.2s
Epoch 39 | step 50/50 | loss 0.0013 | elapsed 73.0s
[VAL] Epoch 39 | acc=0.9912 | bal_acc=0.9947 | epoch_time=77.6s

=== Epoch 40/40 ===
Epoch 40 | step 1/50 | loss 0.0012 | elapsed 5.2s
Epoch 40 | step 10/50 | loss 0.0010 | elapsed 16.8s
Epoch 40 | step 20/50 | loss 0.0012 | elapsed 27.7s
Epoch 40 | step 30/50 | loss 0.0013 | elapsed 43.9s
Epoch 40 | step 40/50 | loss 0.0012 | elapsed 54.7s
Epoch 40 | step 50/50 | loss 0.0013 | elapsed 69.9s
[VAL] Epoch 40 | acc=1.0000 | bal_acc=1.0000 | epoch_time=74.6s
Done. Best val balanced accuracy: 1.0
Run dir: runs/site_probe/isbi2027__converged_raw_seed8/20261007_063245
