code_commit=47f04bc81e1c93ddf1ed23a561c39fa86d5fd064
88ad1cbc7154fb2aeee7122fdc210986ec91549abaef23ce155723ec945e0b1e  /mnt/rhome/mmi/projects/isbi2027/code/scripts/train_site_probe.py
5e90010bbc0d89e6497f43cb75606207aea3b0fe659888b430f923a934b9c3ad  /mnt/rhome/mmi/projects/isbi2027/code/src/harmonit/data/abide_slices_dataset.py
46da7a7e43c047b80976307eb4223d1e687d78389016b6fe6852c0bae5307d82  /mnt/rhome/mmi/projects/isbi2027/code/src/harmonit/data/label_controls.py
Device: cuda
Run hparams: batch_size=64 epochs=10 lr=0.0003 steps_per_epoch=50 val_batches=0 lr_schedule=constant warmup_steps=0 worker_reseed=False
MLflow tracking URI: sqlite:////home/mmi/mlflow_local/isbi2027.db
Num classes (sites): 17
Class names: ['CMU', 'Caltech', 'KKI', 'Leuven', 'MaxMun', 'NYU', 'OHSU', 'Olin', 'Pitt', 'SBL', 'SDSU', 'Stanford', 'Trinity', 'UCLA', 'UM', 'USM', 'Yale']

=== Epoch 1/10 ===
Epoch 1 | step 1/50 | loss 2.8594 | elapsed 112.3s
Epoch 1 | step 10/50 | loss 2.1659 | elapsed 411.5s
Epoch 1 | step 20/50 | loss 1.8726 | elapsed 734.6s
Epoch 1 | step 30/50 | loss 1.6261 | elapsed 1142.4s
Epoch 1 | step 40/50 | loss 1.4328 | elapsed 1454.9s
Epoch 1 | step 50/50 | loss 1.2800 | elapsed 1794.2s
[VAL] Epoch 1 | acc=0.1947 | bal_acc=0.1711 | epoch_time=1894.6s

=== Epoch 2/10 ===
Epoch 2 | step 1/50 | loss 0.5745 | elapsed 107.9s
Epoch 2 | step 10/50 | loss 0.5257 | elapsed 380.0s
Epoch 2 | step 20/50 | loss 0.4691 | elapsed 539.4s
Epoch 2 | step 30/50 | loss 0.4249 | elapsed 801.9s
Epoch 2 | step 40/50 | loss 0.3908 | elapsed 970.9s
Epoch 2 | step 50/50 | loss 0.3568 | elapsed 1178.7s
[VAL] Epoch 2 | acc=0.8230 | bal_acc=0.7758 | epoch_time=1246.1s

=== Epoch 3/10 ===
Epoch 3 | step 1/50 | loss 0.1187 | elapsed 94.3s
Epoch 3 | step 10/50 | loss 0.1780 | elapsed 242.2s
Epoch 3 | step 20/50 | loss 0.2028 | elapsed 419.6s
Epoch 3 | step 30/50 | loss 0.2163 | elapsed 646.2s
Epoch 3 | step 40/50 | loss 0.2147 | elapsed 821.9s
Epoch 3 | step 50/50 | loss 0.2066 | elapsed 1056.6s
[VAL] Epoch 3 | acc=0.6460 | bal_acc=0.6331 | epoch_time=1113.9s

=== Epoch 4/10 ===
Epoch 4 | step 1/50 | loss 0.0756 | elapsed 87.3s
Epoch 4 | step 10/50 | loss 0.1710 | elapsed 264.5s
Epoch 4 | step 20/50 | loss 0.1419 | elapsed 417.3s
Epoch 4 | step 30/50 | loss 0.1284 | elapsed 701.4s
Epoch 4 | step 40/50 | loss 0.1204 | elapsed 867.2s
Epoch 4 | step 50/50 | loss 0.1133 | elapsed 1086.4s
[VAL] Epoch 4 | acc=0.6372 | bal_acc=0.5051 | epoch_time=1143.7s

=== Epoch 5/10 ===
Epoch 5 | step 1/50 | loss 0.0614 | elapsed 80.1s
Epoch 5 | step 10/50 | loss 0.0728 | elapsed 253.0s
Epoch 5 | step 20/50 | loss 0.0777 | elapsed 428.8s
Epoch 5 | step 30/50 | loss 0.0863 | elapsed 668.3s
Epoch 5 | step 40/50 | loss 0.0879 | elapsed 844.9s
Epoch 5 | step 50/50 | loss 0.0882 | elapsed 1026.6s
[VAL] Epoch 5 | acc=0.8496 | bal_acc=0.8471 | epoch_time=1085.3s

=== Epoch 6/10 ===
Epoch 6 | step 1/50 | loss 0.0458 | elapsed 93.9s
Epoch 6 | step 10/50 | loss 0.0649 | elapsed 283.5s
Epoch 6 | step 20/50 | loss 0.0676 | elapsed 451.1s
Epoch 6 | step 30/50 | loss 0.0628 | elapsed 846.5s
Epoch 6 | step 40/50 | loss 0.0598 | elapsed 1191.4s
Epoch 6 | step 50/50 | loss 0.0561 | elapsed 1413.7s
[VAL] Epoch 6 | acc=0.9381 | bal_acc=0.9294 | epoch_time=1477.0s

=== Epoch 7/10 ===
Epoch 7 | step 1/50 | loss 0.1161 | elapsed 92.9s
Epoch 7 | step 10/50 | loss 0.0450 | elapsed 257.4s
Epoch 7 | step 20/50 | loss 0.0417 | elapsed 404.6s
Epoch 7 | step 30/50 | loss 0.0441 | elapsed 584.8s
Epoch 7 | step 40/50 | loss 0.0488 | elapsed 735.6s
Epoch 7 | step 50/50 | loss 0.0489 | elapsed 907.1s
[VAL] Epoch 7 | acc=0.9381 | bal_acc=0.9118 | epoch_time=968.2s

=== Epoch 8/10 ===
Epoch 8 | step 1/50 | loss 0.0471 | elapsed 74.5s
Epoch 8 | step 10/50 | loss 0.0601 | elapsed 228.4s
Epoch 8 | step 20/50 | loss 0.0722 | elapsed 388.3s
Epoch 8 | step 30/50 | loss 0.0688 | elapsed 623.7s
Epoch 8 | step 40/50 | loss 0.0626 | elapsed 779.3s
Epoch 8 | step 50/50 | loss 0.0569 | elapsed 969.9s
[VAL] Epoch 8 | acc=0.8142 | bal_acc=0.8172 | epoch_time=1030.7s

=== Epoch 9/10 ===
Epoch 9 | step 1/50 | loss 0.0385 | elapsed 82.0s
Epoch 9 | step 10/50 | loss 0.0336 | elapsed 220.5s
Epoch 9 | step 20/50 | loss 0.0299 | elapsed 392.4s
Epoch 9 | step 30/50 | loss 0.0330 | elapsed 576.8s
Epoch 9 | step 40/50 | loss 0.0347 | elapsed 768.9s
Epoch 9 | step 50/50 | loss 0.0427 | elapsed 920.7s
[VAL] Epoch 9 | acc=0.8230 | bal_acc=0.8183 | epoch_time=979.2s

=== Epoch 10/10 ===
Epoch 10 | step 1/50 | loss 0.1127 | elapsed 90.9s
Epoch 10 | step 10/50 | loss 0.0607 | elapsed 224.9s
Epoch 10 | step 20/50 | loss 0.0583 | elapsed 371.0s
Epoch 10 | step 30/50 | loss 0.0565 | elapsed 577.1s
Epoch 10 | step 40/50 | loss 0.0546 | elapsed 727.4s
Epoch 10 | step 50/50 | loss 0.0487 | elapsed 937.2s
[VAL] Epoch 10 | acc=0.9115 | bal_acc=0.8775 | epoch_time=996.5s
Done. Best val balanced accuracy: 0.9294117647058824
Run dir: runs/site_probe/isbi2027__raw_seed2/20261006_233620
