code_commit=a9805df
88ad1cbc7154fb2aeee7122fdc210986ec91549abaef23ce155723ec945e0b1e  /mnt/rhome/mmi/projects/isbi2027/code/scripts/train_site_probe.py
5e90010bbc0d89e6497f43cb75606207aea3b0fe659888b430f923a934b9c3ad  /mnt/rhome/mmi/projects/isbi2027/code/src/harmonit/data/abide_slices_dataset.py
46da7a7e43c047b80976307eb4223d1e687d78389016b6fe6852c0bae5307d82  /mnt/rhome/mmi/projects/isbi2027/code/src/harmonit/data/label_controls.py
Device: cuda
Run hparams: batch_size=64 epochs=40 lr=0.0003 steps_per_epoch=50 val_batches=0 lr_schedule=cosine warmup_steps=50 worker_reseed=True
MLflow tracking URI: sqlite:////home/mmi/mlflow_local/isbi2027.db
Num classes (sites): 17
Class names: ['CMU', 'Caltech', 'KKI', 'Leuven', 'MaxMun', 'NYU', 'OHSU', 'Olin', 'Pitt', 'SBL', 'SDSU', 'Stanford', 'Trinity', 'UCLA', 'UM', 'USM', 'Yale']

=== Epoch 1/40 ===
Epoch 1 | step 1/50 | loss 2.9560 | elapsed 10.3s
Epoch 1 | step 10/50 | loss 2.8298 | elapsed 26.5s
Epoch 1 | step 20/50 | loss 2.5678 | elapsed 40.8s
Epoch 1 | step 30/50 | loss 2.3276 | elapsed 61.4s
Epoch 1 | step 40/50 | loss 2.1227 | elapsed 76.7s
Epoch 1 | step 50/50 | loss 1.9126 | elapsed 95.8s
[VAL] Epoch 1 | acc=0.2478 | bal_acc=0.2124 | epoch_time=103.1s

=== Epoch 2/40 ===
Epoch 2 | step 1/50 | loss 0.9361 | elapsed 8.3s
Epoch 2 | step 10/50 | loss 0.8202 | elapsed 22.7s
Epoch 2 | step 20/50 | loss 0.7096 | elapsed 36.9s
Epoch 2 | step 30/50 | loss 0.6307 | elapsed 55.8s
Epoch 2 | step 40/50 | loss 0.5704 | elapsed 69.8s
Epoch 2 | step 50/50 | loss 0.5244 | elapsed 85.9s
[VAL] Epoch 2 | acc=0.6106 | bal_acc=0.4771 | epoch_time=91.1s

=== Epoch 3/40 ===
Epoch 3 | step 1/50 | loss 0.1709 | elapsed 6.0s
Epoch 3 | step 10/50 | loss 0.2925 | elapsed 18.7s
Epoch 3 | step 20/50 | loss 0.2969 | elapsed 32.1s
Epoch 3 | step 30/50 | loss 0.2786 | elapsed 50.4s
Epoch 3 | step 40/50 | loss 0.2552 | elapsed 63.6s
Epoch 3 | step 50/50 | loss 0.2406 | elapsed 80.3s
[VAL] Epoch 3 | acc=0.7522 | bal_acc=0.6810 | epoch_time=85.7s

=== Epoch 4/40 ===
Epoch 4 | step 1/50 | loss 0.2748 | elapsed 7.1s
Epoch 4 | step 10/50 | loss 0.1713 | elapsed 19.9s
Epoch 4 | step 20/50 | loss 0.1494 | elapsed 32.9s
Epoch 4 | step 30/50 | loss 0.1429 | elapsed 50.5s
Epoch 4 | step 40/50 | loss 0.1391 | elapsed 64.9s
Epoch 4 | step 50/50 | loss 0.1369 | elapsed 81.6s
[VAL] Epoch 4 | acc=0.9204 | bal_acc=0.9300 | epoch_time=86.8s

=== Epoch 5/40 ===
Epoch 5 | step 1/50 | loss 0.0705 | elapsed 6.2s
Epoch 5 | step 10/50 | loss 0.1432 | elapsed 18.0s
Epoch 5 | step 20/50 | loss 0.1307 | elapsed 30.8s
Epoch 5 | step 30/50 | loss 0.1089 | elapsed 49.2s
Epoch 5 | step 40/50 | loss 0.0992 | elapsed 62.3s
Epoch 5 | step 50/50 | loss 0.0927 | elapsed 80.3s
[VAL] Epoch 5 | acc=0.8673 | bal_acc=0.8433 | epoch_time=85.4s

=== Epoch 6/40 ===
Epoch 6 | step 1/50 | loss 0.0595 | elapsed 5.6s
Epoch 6 | step 10/50 | loss 0.0791 | elapsed 17.0s
Epoch 6 | step 20/50 | loss 0.0692 | elapsed 29.7s
Epoch 6 | step 30/50 | loss 0.0727 | elapsed 45.7s
Epoch 6 | step 40/50 | loss 0.0693 | elapsed 58.8s
Epoch 6 | step 50/50 | loss 0.0734 | elapsed 75.6s
[VAL] Epoch 6 | acc=0.8319 | bal_acc=0.7804 | epoch_time=80.9s

=== Epoch 7/40 ===
Epoch 7 | step 1/50 | loss 0.0707 | elapsed 5.9s
Epoch 7 | step 10/50 | loss 0.0842 | elapsed 17.2s
Epoch 7 | step 20/50 | loss 0.0770 | elapsed 29.9s
Epoch 7 | step 30/50 | loss 0.0758 | elapsed 48.5s
Epoch 7 | step 40/50 | loss 0.0746 | elapsed 60.4s
Epoch 7 | step 50/50 | loss 0.0714 | elapsed 77.5s
[VAL] Epoch 7 | acc=0.9823 | bal_acc=0.9848 | epoch_time=82.6s

=== Epoch 8/40 ===
Epoch 8 | step 1/50 | loss 0.0439 | elapsed 6.7s
Epoch 8 | step 10/50 | loss 0.0486 | elapsed 19.5s
Epoch 8 | step 20/50 | loss 0.0438 | elapsed 31.3s
Epoch 8 | step 30/50 | loss 0.0448 | elapsed 47.9s
Epoch 8 | step 40/50 | loss 0.0433 | elapsed 59.8s
Epoch 8 | step 50/50 | loss 0.0397 | elapsed 76.8s
[VAL] Epoch 8 | acc=0.8496 | bal_acc=0.7647 | epoch_time=82.1s

=== Epoch 9/40 ===
Epoch 9 | step 1/50 | loss 0.0779 | elapsed 6.3s
Epoch 9 | step 10/50 | loss 0.0448 | elapsed 17.9s
Epoch 9 | step 20/50 | loss 0.0410 | elapsed 29.8s
Epoch 9 | step 30/50 | loss 0.0368 | elapsed 46.6s
Epoch 9 | step 40/50 | loss 0.0393 | elapsed 58.4s
Epoch 9 | step 50/50 | loss 0.0435 | elapsed 75.3s
[VAL] Epoch 9 | acc=0.9558 | bal_acc=0.9118 | epoch_time=80.4s

=== Epoch 10/40 ===
Epoch 10 | step 1/50 | loss 0.0468 | elapsed 6.1s
Epoch 10 | step 10/50 | loss 0.0411 | elapsed 17.9s
Epoch 10 | step 20/50 | loss 0.0415 | elapsed 30.0s
Epoch 10 | step 30/50 | loss 0.0343 | elapsed 47.1s
Epoch 10 | step 40/50 | loss 0.0321 | elapsed 59.3s
Epoch 10 | step 50/50 | loss 0.0315 | elapsed 77.0s
[VAL] Epoch 10 | acc=0.8673 | bal_acc=0.8847 | epoch_time=82.2s

=== Epoch 11/40 ===
Epoch 11 | step 1/50 | loss 0.0218 | elapsed 6.0s
Epoch 11 | step 10/50 | loss 0.0260 | elapsed 17.6s
Epoch 11 | step 20/50 | loss 0.0274 | elapsed 29.7s
Epoch 11 | step 30/50 | loss 0.0282 | elapsed 47.3s
Epoch 11 | step 40/50 | loss 0.0312 | elapsed 59.8s
Epoch 11 | step 50/50 | loss 0.0308 | elapsed 75.7s
[VAL] Epoch 11 | acc=0.9115 | bal_acc=0.9071 | epoch_time=80.9s

=== Epoch 12/40 ===
Epoch 12 | step 1/50 | loss 0.0112 | elapsed 5.9s
Epoch 12 | step 10/50 | loss 0.0199 | elapsed 17.4s
Epoch 12 | step 20/50 | loss 0.0189 | elapsed 29.0s
Epoch 12 | step 30/50 | loss 0.0218 | elapsed 46.5s
Epoch 12 | step 40/50 | loss 0.0203 | elapsed 58.3s
Epoch 12 | step 50/50 | loss 0.0197 | elapsed 74.5s
[VAL] Epoch 12 | acc=0.9204 | bal_acc=0.9105 | epoch_time=79.6s

=== Epoch 13/40 ===
Epoch 13 | step 1/50 | loss 0.0132 | elapsed 6.5s
Epoch 13 | step 10/50 | loss 0.0159 | elapsed 18.0s
Epoch 13 | step 20/50 | loss 0.0151 | elapsed 29.7s
Epoch 13 | step 30/50 | loss 0.0156 | elapsed 46.6s
Epoch 13 | step 40/50 | loss 0.0154 | elapsed 59.9s
Epoch 13 | step 50/50 | loss 0.0165 | elapsed 75.6s
[VAL] Epoch 13 | acc=0.8673 | bal_acc=0.9176 | epoch_time=80.7s

=== Epoch 14/40 ===
Epoch 14 | step 1/50 | loss 0.0571 | elapsed 6.1s
Epoch 14 | step 10/50 | loss 0.0269 | elapsed 17.8s
Epoch 14 | step 20/50 | loss 0.0232 | elapsed 29.6s
Epoch 14 | step 30/50 | loss 0.0235 | elapsed 47.1s
Epoch 14 | step 40/50 | loss 0.0238 | elapsed 58.6s
Epoch 14 | step 50/50 | loss 0.0225 | elapsed 75.7s
[VAL] Epoch 14 | acc=0.9558 | bal_acc=0.9452 | epoch_time=81.0s

=== Epoch 15/40 ===
Epoch 15 | step 1/50 | loss 0.0486 | elapsed 6.0s
Epoch 15 | step 10/50 | loss 0.0231 | elapsed 18.2s
Epoch 15 | step 20/50 | loss 0.0181 | elapsed 29.8s
Epoch 15 | step 30/50 | loss 0.0176 | elapsed 46.9s
Epoch 15 | step 40/50 | loss 0.0155 | elapsed 58.9s
Epoch 15 | step 50/50 | loss 0.0156 | elapsed 75.4s
[VAL] Epoch 15 | acc=0.8938 | bal_acc=0.8431 | epoch_time=80.4s

=== Epoch 16/40 ===
Epoch 16 | step 1/50 | loss 0.0641 | elapsed 5.9s
Epoch 16 | step 10/50 | loss 0.0206 | elapsed 17.4s
Epoch 16 | step 20/50 | loss 0.0261 | elapsed 28.8s
Epoch 16 | step 30/50 | loss 0.0238 | elapsed 46.1s
Epoch 16 | step 40/50 | loss 0.0256 | elapsed 57.7s
Epoch 16 | step 50/50 | loss 0.0233 | elapsed 74.9s
[VAL] Epoch 16 | acc=0.9735 | bal_acc=0.9588 | epoch_time=80.3s

=== Epoch 17/40 ===
Epoch 17 | step 1/50 | loss 0.0305 | elapsed 5.9s
Epoch 17 | step 10/50 | loss 0.0212 | elapsed 17.8s
Epoch 17 | step 20/50 | loss 0.0362 | elapsed 29.4s
Epoch 17 | step 30/50 | loss 0.0352 | elapsed 46.5s
Epoch 17 | step 40/50 | loss 0.0299 | elapsed 58.8s
Epoch 17 | step 50/50 | loss 0.0265 | elapsed 75.0s
[VAL] Epoch 17 | acc=0.9115 | bal_acc=0.9020 | epoch_time=80.2s

=== Epoch 18/40 ===
Epoch 18 | step 1/50 | loss 0.0406 | elapsed 6.1s
Epoch 18 | step 10/50 | loss 0.0139 | elapsed 17.5s
Epoch 18 | step 20/50 | loss 0.0113 | elapsed 29.8s
Epoch 18 | step 30/50 | loss 0.0096 | elapsed 47.3s
Epoch 18 | step 40/50 | loss 0.0089 | elapsed 59.2s
Epoch 18 | step 50/50 | loss 0.0083 | elapsed 75.4s
[VAL] Epoch 18 | acc=0.9735 | bal_acc=0.9652 | epoch_time=80.5s

=== Epoch 19/40 ===
Epoch 19 | step 1/50 | loss 0.0027 | elapsed 5.8s
Epoch 19 | step 10/50 | loss 0.0031 | elapsed 17.7s
Epoch 19 | step 20/50 | loss 0.0037 | elapsed 29.4s
Epoch 19 | step 30/50 | loss 0.0039 | elapsed 46.0s
Epoch 19 | step 40/50 | loss 0.0041 | elapsed 57.8s
Epoch 19 | step 50/50 | loss 0.0040 | elapsed 74.4s
[VAL] Epoch 19 | acc=0.9735 | bal_acc=0.9746 | epoch_time=79.4s

=== Epoch 20/40 ===
Epoch 20 | step 1/50 | loss 0.0055 | elapsed 5.6s
Epoch 20 | step 10/50 | loss 0.0047 | elapsed 17.1s
Epoch 20 | step 20/50 | loss 0.0040 | elapsed 28.8s
Epoch 20 | step 30/50 | loss 0.0045 | elapsed 45.6s
Epoch 20 | step 40/50 | loss 0.0042 | elapsed 57.1s
Epoch 20 | step 50/50 | loss 0.0038 | elapsed 74.2s
[VAL] Epoch 20 | acc=0.9912 | bal_acc=0.9947 | epoch_time=79.3s

=== Epoch 21/40 ===
Epoch 21 | step 1/50 | loss 0.0011 | elapsed 5.7s
Epoch 21 | step 10/50 | loss 0.0019 | elapsed 17.3s
Epoch 21 | step 20/50 | loss 0.0028 | elapsed 29.3s
Epoch 21 | step 30/50 | loss 0.0030 | elapsed 45.4s
Epoch 21 | step 40/50 | loss 0.0031 | elapsed 58.5s
Epoch 21 | step 50/50 | loss 0.0030 | elapsed 75.8s
[VAL] Epoch 21 | acc=0.9912 | bal_acc=0.9947 | epoch_time=80.8s

=== Epoch 22/40 ===
Epoch 22 | step 1/50 | loss 0.0022 | elapsed 6.0s
Epoch 22 | step 10/50 | loss 0.0035 | elapsed 17.6s
Epoch 22 | step 20/50 | loss 0.0059 | elapsed 29.2s
Epoch 22 | step 30/50 | loss 0.0054 | elapsed 46.0s
Epoch 22 | step 40/50 | loss 0.0058 | elapsed 58.0s
Epoch 22 | step 50/50 | loss 0.0050 | elapsed 74.0s
[VAL] Epoch 22 | acc=0.9912 | bal_acc=0.9902 | epoch_time=79.2s

=== Epoch 23/40 ===
Epoch 23 | step 1/50 | loss 0.0028 | elapsed 6.0s
Epoch 23 | step 10/50 | loss 0.0068 | elapsed 17.2s
Epoch 23 | step 20/50 | loss 0.0051 | elapsed 29.3s
Epoch 23 | step 30/50 | loss 0.0046 | elapsed 45.4s
Epoch 23 | step 40/50 | loss 0.0040 | elapsed 57.6s
Epoch 23 | step 50/50 | loss 0.0037 | elapsed 74.9s
[VAL] Epoch 23 | acc=0.9912 | bal_acc=0.9947 | epoch_time=80.3s

=== Epoch 24/40 ===
Epoch 24 | step 1/50 | loss 0.0004 | elapsed 5.8s
Epoch 24 | step 10/50 | loss 0.0026 | elapsed 17.4s
Epoch 24 | step 20/50 | loss 0.0028 | elapsed 29.9s
Epoch 24 | step 30/50 | loss 0.0033 | elapsed 47.0s
Epoch 24 | step 40/50 | loss 0.0033 | elapsed 58.8s
Epoch 24 | step 50/50 | loss 0.0031 | elapsed 76.1s
[VAL] Epoch 24 | acc=0.9912 | bal_acc=0.9853 | epoch_time=81.2s

=== Epoch 25/40 ===
Epoch 25 | step 1/50 | loss 0.0223 | elapsed 6.0s
Epoch 25 | step 10/50 | loss 0.0052 | elapsed 18.9s
Epoch 25 | step 20/50 | loss 0.0041 | elapsed 31.5s
Epoch 25 | step 30/50 | loss 0.0038 | elapsed 47.7s
Epoch 25 | step 40/50 | loss 0.0035 | elapsed 60.2s
Epoch 25 | step 50/50 | loss 0.0031 | elapsed 76.5s
[VAL] Epoch 25 | acc=0.9912 | bal_acc=0.9947 | epoch_time=81.6s

=== Epoch 26/40 ===
Epoch 26 | step 1/50 | loss 0.0022 | elapsed 6.0s
Epoch 26 | step 10/50 | loss 0.0016 | elapsed 17.6s
Epoch 26 | step 20/50 | loss 0.0021 | elapsed 29.9s
Epoch 26 | step 30/50 | loss 0.0019 | elapsed 46.2s
Epoch 26 | step 40/50 | loss 0.0018 | elapsed 58.2s
Epoch 26 | step 50/50 | loss 0.0016 | elapsed 74.9s
[VAL] Epoch 26 | acc=1.0000 | bal_acc=1.0000 | epoch_time=80.6s

=== Epoch 27/40 ===
Epoch 27 | step 1/50 | loss 0.0011 | elapsed 5.9s
Epoch 27 | step 10/50 | loss 0.0014 | elapsed 17.4s
Epoch 27 | step 20/50 | loss 0.0012 | elapsed 31.5s
Epoch 27 | step 30/50 | loss 0.0015 | elapsed 46.9s
Epoch 27 | step 40/50 | loss 0.0016 | elapsed 61.1s
Epoch 27 | step 50/50 | loss 0.0018 | elapsed 75.2s
[VAL] Epoch 27 | acc=0.9823 | bal_acc=0.9706 | epoch_time=80.4s

=== Epoch 28/40 ===
Epoch 28 | step 1/50 | loss 0.0006 | elapsed 6.5s
Epoch 28 | step 10/50 | loss 0.0015 | elapsed 18.7s
Epoch 28 | step 20/50 | loss 0.0015 | elapsed 31.4s
Epoch 28 | step 30/50 | loss 0.0013 | elapsed 48.9s
Epoch 28 | step 40/50 | loss 0.0015 | elapsed 61.4s
Epoch 28 | step 50/50 | loss 0.0015 | elapsed 78.6s
[VAL] Epoch 28 | acc=0.9912 | bal_acc=0.9853 | epoch_time=84.0s

=== Epoch 29/40 ===
Epoch 29 | step 1/50 | loss 0.0011 | elapsed 5.6s
Epoch 29 | step 10/50 | loss 0.0010 | elapsed 17.6s
Epoch 29 | step 20/50 | loss 0.0012 | elapsed 29.4s
Epoch 29 | step 30/50 | loss 0.0011 | elapsed 46.7s
Epoch 29 | step 40/50 | loss 0.0011 | elapsed 59.9s
Epoch 29 | step 50/50 | loss 0.0011 | elapsed 75.5s
[VAL] Epoch 29 | acc=0.9912 | bal_acc=0.9853 | epoch_time=80.9s

=== Epoch 30/40 ===
Epoch 30 | step 1/50 | loss 0.0005 | elapsed 5.9s
Epoch 30 | step 10/50 | loss 0.0013 | elapsed 17.8s
Epoch 30 | step 20/50 | loss 0.0015 | elapsed 29.7s
Epoch 30 | step 30/50 | loss 0.0017 | elapsed 47.5s
Epoch 30 | step 40/50 | loss 0.0018 | elapsed 59.6s
Epoch 30 | step 50/50 | loss 0.0017 | elapsed 77.5s
[VAL] Epoch 30 | acc=0.9735 | bal_acc=0.9652 | epoch_time=82.7s

=== Epoch 31/40 ===
Epoch 31 | step 1/50 | loss 0.0009 | elapsed 6.5s
Epoch 31 | step 10/50 | loss 0.0031 | elapsed 18.0s
Epoch 31 | step 20/50 | loss 0.0024 | elapsed 29.9s
Epoch 31 | step 30/50 | loss 0.0020 | elapsed 47.3s
Epoch 31 | step 40/50 | loss 0.0018 | elapsed 60.1s
Epoch 31 | step 50/50 | loss 0.0017 | elapsed 77.2s
[VAL] Epoch 31 | acc=0.9823 | bal_acc=0.9799 | epoch_time=82.8s

=== Epoch 32/40 ===
Epoch 32 | step 1/50 | loss 0.0003 | elapsed 6.4s
Epoch 32 | step 10/50 | loss 0.0016 | elapsed 17.8s
Epoch 32 | step 20/50 | loss 0.0017 | elapsed 29.5s
Epoch 32 | step 30/50 | loss 0.0016 | elapsed 46.8s
Epoch 32 | step 40/50 | loss 0.0018 | elapsed 59.9s
Epoch 32 | step 50/50 | loss 0.0017 | elapsed 75.8s
[VAL] Epoch 32 | acc=0.9823 | bal_acc=0.9706 | epoch_time=81.0s

=== Epoch 33/40 ===
Epoch 33 | step 1/50 | loss 0.0009 | elapsed 6.3s
Epoch 33 | step 10/50 | loss 0.0012 | elapsed 18.5s
Epoch 33 | step 20/50 | loss 0.0012 | elapsed 30.3s
Epoch 33 | step 30/50 | loss 0.0012 | elapsed 47.7s
Epoch 33 | step 40/50 | loss 0.0013 | elapsed 59.7s
Epoch 33 | step 50/50 | loss 0.0012 | elapsed 77.6s
[VAL] Epoch 33 | acc=0.9823 | bal_acc=0.9706 | epoch_time=82.8s

=== Epoch 34/40 ===
Epoch 34 | step 1/50 | loss 0.0006 | elapsed 6.0s
Epoch 34 | step 10/50 | loss 0.0052 | elapsed 18.8s
Epoch 34 | step 20/50 | loss 0.0035 | elapsed 30.6s
Epoch 34 | step 30/50 | loss 0.0027 | elapsed 47.9s
Epoch 34 | step 40/50 | loss 0.0023 | elapsed 60.5s
Epoch 34 | step 50/50 | loss 0.0020 | elapsed 76.9s
[VAL] Epoch 34 | acc=0.9912 | bal_acc=0.9853 | epoch_time=82.2s

=== Epoch 35/40 ===
Epoch 35 | step 1/50 | loss 0.0020 | elapsed 5.7s
Epoch 35 | step 10/50 | loss 0.0014 | elapsed 17.9s
Epoch 35 | step 20/50 | loss 0.0013 | elapsed 30.5s
Epoch 35 | step 30/50 | loss 0.0013 | elapsed 47.5s
Epoch 35 | step 40/50 | loss 0.0018 | elapsed 60.1s
Epoch 35 | step 50/50 | loss 0.0016 | elapsed 76.2s
[VAL] Epoch 35 | acc=1.0000 | bal_acc=1.0000 | epoch_time=81.7s

=== Epoch 36/40 ===
Epoch 36 | step 1/50 | loss 0.0006 | elapsed 6.3s
Epoch 36 | step 10/50 | loss 0.0015 | elapsed 18.0s
Epoch 36 | step 20/50 | loss 0.0021 | elapsed 30.0s
Epoch 36 | step 30/50 | loss 0.0018 | elapsed 47.5s
Epoch 36 | step 40/50 | loss 0.0017 | elapsed 59.5s
Epoch 36 | step 50/50 | loss 0.0015 | elapsed 76.1s
[VAL] Epoch 36 | acc=0.9735 | bal_acc=0.9652 | epoch_time=81.4s

=== Epoch 37/40 ===
Epoch 37 | step 1/50 | loss 0.0012 | elapsed 6.1s
Epoch 37 | step 10/50 | loss 0.0017 | elapsed 17.4s
Epoch 37 | step 20/50 | loss 0.0014 | elapsed 29.2s
Epoch 37 | step 30/50 | loss 0.0011 | elapsed 46.7s
Epoch 37 | step 40/50 | loss 0.0012 | elapsed 59.4s
Epoch 37 | step 50/50 | loss 0.0012 | elapsed 75.7s
[VAL] Epoch 37 | acc=0.9823 | bal_acc=0.9706 | epoch_time=80.7s

=== Epoch 38/40 ===
Epoch 38 | step 1/50 | loss 0.0005 | elapsed 5.9s
Epoch 38 | step 10/50 | loss 0.0008 | elapsed 17.3s
Epoch 38 | step 20/50 | loss 0.0010 | elapsed 28.9s
Epoch 38 | step 30/50 | loss 0.0011 | elapsed 45.9s
Epoch 38 | step 40/50 | loss 0.0011 | elapsed 57.6s
Epoch 38 | step 50/50 | loss 0.0012 | elapsed 75.8s
[VAL] Epoch 38 | acc=1.0000 | bal_acc=1.0000 | epoch_time=81.0s

=== Epoch 39/40 ===
Epoch 39 | step 1/50 | loss 0.0004 | elapsed 5.6s
Epoch 39 | step 10/50 | loss 0.0011 | elapsed 17.5s
Epoch 39 | step 20/50 | loss 0.0015 | elapsed 29.0s
Epoch 39 | step 30/50 | loss 0.0013 | elapsed 45.7s
Epoch 39 | step 40/50 | loss 0.0014 | elapsed 57.7s
Epoch 39 | step 50/50 | loss 0.0013 | elapsed 74.1s
[VAL] Epoch 39 | acc=0.9912 | bal_acc=0.9853 | epoch_time=79.1s

=== Epoch 40/40 ===
Epoch 40 | step 1/50 | loss 0.0005 | elapsed 5.5s
Epoch 40 | step 10/50 | loss 0.0028 | elapsed 17.0s
Epoch 40 | step 20/50 | loss 0.0019 | elapsed 28.7s
Epoch 40 | step 30/50 | loss 0.0015 | elapsed 44.9s
Epoch 40 | step 40/50 | loss 0.0014 | elapsed 57.7s
Epoch 40 | step 50/50 | loss 0.0016 | elapsed 73.2s
[VAL] Epoch 40 | acc=0.9823 | bal_acc=0.9706 | epoch_time=78.6s
Done. Best val balanced accuracy: 1.0
Run dir: runs/site_probe/isbi2027__converged_raw_seed9/20260915_183211
