code_commit=a9805df
88ad1cbc7154fb2aeee7122fdc210986ec91549abaef23ce155723ec945e0b1e  /mnt/rhome/mmi/projects/isbi2027/code/scripts/train_site_probe.py
5e90010bbc0d89e6497f43cb75606207aea3b0fe659888b430f923a934b9c3ad  /mnt/rhome/mmi/projects/isbi2027/code/src/harmonit/data/abide_slices_dataset.py
46da7a7e43c047b80976307eb4223d1e687d78389016b6fe6852c0bae5307d82  /mnt/rhome/mmi/projects/isbi2027/code/src/harmonit/data/label_controls.py
Device: cuda
Run hparams: batch_size=64 epochs=40 lr=0.0003 steps_per_epoch=50 val_batches=0 lr_schedule=cosine warmup_steps=50 worker_reseed=True
MLflow tracking URI: sqlite:////home/mmi/mlflow_local/isbi2027.db
Num classes (sites): 17
Class names: ['CMU', 'Caltech', 'KKI', 'Leuven', 'MaxMun', 'NYU', 'OHSU', 'Olin', 'Pitt', 'SBL', 'SDSU', 'Stanford', 'Trinity', 'UCLA', 'UM', 'USM', 'Yale']

=== Epoch 1/40 ===
Epoch 1 | step 1/50 | loss 2.8804 | elapsed 9.5s
Epoch 1 | step 10/50 | loss 2.8627 | elapsed 25.5s
Epoch 1 | step 20/50 | loss 2.7856 | elapsed 40.3s
Epoch 1 | step 30/50 | loss 2.7562 | elapsed 59.9s
Epoch 1 | step 40/50 | loss 2.7364 | elapsed 72.7s
Epoch 1 | step 50/50 | loss 2.7288 | elapsed 90.3s
[VAL] Epoch 1 | acc=0.0885 | bal_acc=0.0362 | epoch_time=97.9s

=== Epoch 2/40 ===
Epoch 2 | step 1/50 | loss 2.6705 | elapsed 6.2s
Epoch 2 | step 10/50 | loss 2.6374 | elapsed 18.4s
Epoch 2 | step 20/50 | loss 2.6692 | elapsed 31.3s
Epoch 2 | step 30/50 | loss 2.6503 | elapsed 48.6s
Epoch 2 | step 40/50 | loss 2.6473 | elapsed 61.1s
Epoch 2 | step 50/50 | loss 2.6395 | elapsed 79.2s
[VAL] Epoch 2 | acc=0.0708 | bal_acc=0.0672 | epoch_time=84.7s

=== Epoch 3/40 ===
Epoch 3 | step 1/50 | loss 2.4079 | elapsed 6.3s
Epoch 3 | step 10/50 | loss 2.5592 | elapsed 18.5s
Epoch 3 | step 20/50 | loss 2.6052 | elapsed 30.6s
Epoch 3 | step 30/50 | loss 2.6242 | elapsed 48.7s
Epoch 3 | step 40/50 | loss 2.6232 | elapsed 60.9s
Epoch 3 | step 50/50 | loss 2.6228 | elapsed 78.8s
[VAL] Epoch 3 | acc=0.1150 | bal_acc=0.0462 | epoch_time=84.3s

=== Epoch 4/40 ===
Epoch 4 | step 1/50 | loss 2.6852 | elapsed 5.9s
Epoch 4 | step 10/50 | loss 2.6436 | elapsed 17.6s
Epoch 4 | step 20/50 | loss 2.5948 | elapsed 29.8s
Epoch 4 | step 30/50 | loss 2.6067 | elapsed 46.9s
Epoch 4 | step 40/50 | loss 2.5928 | elapsed 59.3s
Epoch 4 | step 50/50 | loss 2.5724 | elapsed 75.9s
[VAL] Epoch 4 | acc=0.0796 | bal_acc=0.0498 | epoch_time=81.1s

=== Epoch 5/40 ===
Epoch 5 | step 1/50 | loss 2.6747 | elapsed 5.9s
Epoch 5 | step 10/50 | loss 2.6045 | elapsed 17.9s
Epoch 5 | step 20/50 | loss 2.6047 | elapsed 30.1s
Epoch 5 | step 30/50 | loss 2.5900 | elapsed 46.8s
Epoch 5 | step 40/50 | loss 2.5780 | elapsed 59.4s
Epoch 5 | step 50/50 | loss 2.5622 | elapsed 75.8s
[VAL] Epoch 5 | acc=0.0885 | bal_acc=0.0499 | epoch_time=80.9s

=== Epoch 6/40 ===
Epoch 6 | step 1/50 | loss 2.3865 | elapsed 5.5s
Epoch 6 | step 10/50 | loss 2.5711 | elapsed 17.3s
Epoch 6 | step 20/50 | loss 2.5458 | elapsed 29.6s
Epoch 6 | step 30/50 | loss 2.5263 | elapsed 47.0s
Epoch 6 | step 40/50 | loss 2.5188 | elapsed 58.6s
Epoch 6 | step 50/50 | loss 2.5229 | elapsed 75.8s
[VAL] Epoch 6 | acc=0.0796 | bal_acc=0.0702 | epoch_time=80.8s

=== Epoch 7/40 ===
Epoch 7 | step 1/50 | loss 2.5826 | elapsed 5.9s
Epoch 7 | step 10/50 | loss 2.5409 | elapsed 17.6s
Epoch 7 | step 20/50 | loss 2.5216 | elapsed 29.9s
Epoch 7 | step 30/50 | loss 2.5127 | elapsed 46.5s
Epoch 7 | step 40/50 | loss 2.4962 | elapsed 58.2s
Epoch 7 | step 50/50 | loss 2.4783 | elapsed 75.3s
[VAL] Epoch 7 | acc=0.0619 | bal_acc=0.0539 | epoch_time=80.4s

=== Epoch 8/40 ===
Epoch 8 | step 1/50 | loss 2.5527 | elapsed 5.9s
Epoch 8 | step 10/50 | loss 2.4591 | elapsed 17.5s
Epoch 8 | step 20/50 | loss 2.4425 | elapsed 29.2s
Epoch 8 | step 30/50 | loss 2.4195 | elapsed 47.1s
Epoch 8 | step 40/50 | loss 2.4403 | elapsed 59.7s
Epoch 8 | step 50/50 | loss 2.4463 | elapsed 76.3s
[VAL] Epoch 8 | acc=0.0442 | bal_acc=0.0390 | epoch_time=81.6s

=== Epoch 9/40 ===
Epoch 9 | step 1/50 | loss 2.4132 | elapsed 6.7s
Epoch 9 | step 10/50 | loss 2.3783 | elapsed 18.5s
Epoch 9 | step 20/50 | loss 2.3699 | elapsed 30.0s
Epoch 9 | step 30/50 | loss 2.3528 | elapsed 47.1s
Epoch 9 | step 40/50 | loss 2.3682 | elapsed 59.3s
Epoch 9 | step 50/50 | loss 2.3720 | elapsed 76.8s
[VAL] Epoch 9 | acc=0.1239 | bal_acc=0.0588 | epoch_time=81.9s

=== Epoch 10/40 ===
Epoch 10 | step 1/50 | loss 2.2540 | elapsed 6.1s
Epoch 10 | step 10/50 | loss 2.3398 | elapsed 17.3s
Epoch 10 | step 20/50 | loss 2.3511 | elapsed 29.4s
Epoch 10 | step 30/50 | loss 2.3391 | elapsed 46.3s
Epoch 10 | step 40/50 | loss 2.3181 | elapsed 58.4s
Epoch 10 | step 50/50 | loss 2.3137 | elapsed 74.9s
[VAL] Epoch 10 | acc=0.0531 | bal_acc=0.0427 | epoch_time=80.0s

=== Epoch 11/40 ===
Epoch 11 | step 1/50 | loss 2.2507 | elapsed 5.6s
Epoch 11 | step 10/50 | loss 2.2428 | elapsed 17.4s
Epoch 11 | step 20/50 | loss 2.2626 | elapsed 29.4s
Epoch 11 | step 30/50 | loss 2.2663 | elapsed 45.7s
Epoch 11 | step 40/50 | loss 2.2812 | elapsed 58.1s
Epoch 11 | step 50/50 | loss 2.2680 | elapsed 74.3s
[VAL] Epoch 11 | acc=0.0796 | bal_acc=0.0561 | epoch_time=79.4s

=== Epoch 12/40 ===
Epoch 12 | step 1/50 | loss 2.0425 | elapsed 5.8s
Epoch 12 | step 10/50 | loss 2.1510 | elapsed 17.4s
Epoch 12 | step 20/50 | loss 2.1183 | elapsed 28.6s
Epoch 12 | step 30/50 | loss 2.1331 | elapsed 45.8s
Epoch 12 | step 40/50 | loss 2.1384 | elapsed 57.4s
Epoch 12 | step 50/50 | loss 2.1350 | elapsed 73.7s
[VAL] Epoch 12 | acc=0.0796 | bal_acc=0.0528 | epoch_time=78.7s

=== Epoch 13/40 ===
Epoch 13 | step 1/50 | loss 2.0125 | elapsed 5.7s
Epoch 13 | step 10/50 | loss 2.1018 | elapsed 17.1s
Epoch 13 | step 20/50 | loss 2.1003 | elapsed 29.1s
Epoch 13 | step 30/50 | loss 2.0990 | elapsed 46.3s
Epoch 13 | step 40/50 | loss 2.0835 | elapsed 58.0s
Epoch 13 | step 50/50 | loss 2.0800 | elapsed 74.9s
[VAL] Epoch 13 | acc=0.1416 | bal_acc=0.0760 | epoch_time=80.0s

=== Epoch 14/40 ===
Epoch 14 | step 1/50 | loss 2.1987 | elapsed 6.3s
Epoch 14 | step 10/50 | loss 2.0309 | elapsed 18.5s
Epoch 14 | step 20/50 | loss 1.9877 | elapsed 30.0s
Epoch 14 | step 30/50 | loss 1.9514 | elapsed 47.3s
Epoch 14 | step 40/50 | loss 1.9451 | elapsed 58.6s
Epoch 14 | step 50/50 | loss 1.9363 | elapsed 75.1s
[VAL] Epoch 14 | acc=0.0708 | bal_acc=0.0353 | epoch_time=80.2s

=== Epoch 15/40 ===
Epoch 15 | step 1/50 | loss 2.0319 | elapsed 6.0s
Epoch 15 | step 10/50 | loss 1.9532 | elapsed 17.6s
Epoch 15 | step 20/50 | loss 1.9407 | elapsed 28.8s
Epoch 15 | step 30/50 | loss 1.9087 | elapsed 45.9s
Epoch 15 | step 40/50 | loss 1.8895 | elapsed 57.2s
Epoch 15 | step 50/50 | loss 1.8626 | elapsed 73.9s
[VAL] Epoch 15 | acc=0.1062 | bal_acc=0.0779 | epoch_time=79.0s

=== Epoch 16/40 ===
Epoch 16 | step 1/50 | loss 1.8570 | elapsed 5.7s
Epoch 16 | step 10/50 | loss 1.7692 | elapsed 17.2s
Epoch 16 | step 20/50 | loss 1.7148 | elapsed 28.3s
Epoch 16 | step 30/50 | loss 1.7201 | elapsed 45.2s
Epoch 16 | step 40/50 | loss 1.7082 | elapsed 56.3s
Epoch 16 | step 50/50 | loss 1.6914 | elapsed 72.8s
[VAL] Epoch 16 | acc=0.0973 | bal_acc=0.0842 | epoch_time=77.8s

=== Epoch 17/40 ===
Epoch 17 | step 1/50 | loss 1.6595 | elapsed 5.4s
Epoch 17 | step 10/50 | loss 1.5354 | elapsed 17.7s
Epoch 17 | step 20/50 | loss 1.5673 | elapsed 29.2s
Epoch 17 | step 30/50 | loss 1.5481 | elapsed 45.6s
Epoch 17 | step 40/50 | loss 1.5575 | elapsed 57.4s
Epoch 17 | step 50/50 | loss 1.5551 | elapsed 73.5s
[VAL] Epoch 17 | acc=0.0885 | bal_acc=0.0777 | epoch_time=78.5s

=== Epoch 18/40 ===
Epoch 18 | step 1/50 | loss 1.3748 | elapsed 5.6s
Epoch 18 | step 10/50 | loss 1.3891 | elapsed 16.6s
Epoch 18 | step 20/50 | loss 1.4042 | elapsed 28.6s
Epoch 18 | step 30/50 | loss 1.3853 | elapsed 45.7s
Epoch 18 | step 40/50 | loss 1.3636 | elapsed 56.8s
Epoch 18 | step 50/50 | loss 1.3655 | elapsed 73.4s
[VAL] Epoch 18 | acc=0.1327 | bal_acc=0.0614 | epoch_time=78.2s

=== Epoch 19/40 ===
Epoch 19 | step 1/50 | loss 1.3284 | elapsed 5.7s
Epoch 19 | step 10/50 | loss 1.3107 | elapsed 17.1s
Epoch 19 | step 20/50 | loss 1.2941 | elapsed 28.9s
Epoch 19 | step 30/50 | loss 1.2605 | elapsed 45.3s
Epoch 19 | step 40/50 | loss 1.2582 | elapsed 57.0s
Epoch 19 | step 50/50 | loss 1.2278 | elapsed 73.3s
[VAL] Epoch 19 | acc=0.1150 | bal_acc=0.0612 | epoch_time=78.3s

=== Epoch 20/40 ===
Epoch 20 | step 1/50 | loss 0.9715 | elapsed 5.7s
Epoch 20 | step 10/50 | loss 1.0591 | elapsed 16.6s
Epoch 20 | step 20/50 | loss 1.0997 | elapsed 28.8s
Epoch 20 | step 30/50 | loss 1.0859 | elapsed 47.5s
Epoch 20 | step 40/50 | loss 1.0561 | elapsed 58.5s
Epoch 20 | step 50/50 | loss 1.0349 | elapsed 74.8s
[VAL] Epoch 20 | acc=0.0796 | bal_acc=0.0504 | epoch_time=79.6s

=== Epoch 21/40 ===
Epoch 21 | step 1/50 | loss 0.8369 | elapsed 5.6s
Epoch 21 | step 10/50 | loss 0.9083 | elapsed 16.6s
Epoch 21 | step 20/50 | loss 0.9120 | elapsed 27.6s
Epoch 21 | step 30/50 | loss 0.9116 | elapsed 44.7s
Epoch 21 | step 40/50 | loss 0.8806 | elapsed 56.1s
Epoch 21 | step 50/50 | loss 0.8640 | elapsed 71.9s
[VAL] Epoch 21 | acc=0.1150 | bal_acc=0.0666 | epoch_time=76.8s

=== Epoch 22/40 ===
Epoch 22 | step 1/50 | loss 0.7277 | elapsed 6.0s
Epoch 22 | step 10/50 | loss 0.8079 | elapsed 19.7s
Epoch 22 | step 20/50 | loss 0.7798 | elapsed 31.9s
Epoch 22 | step 30/50 | loss 0.7729 | elapsed 48.5s
Epoch 22 | step 40/50 | loss 0.7749 | elapsed 59.7s
Epoch 22 | step 50/50 | loss 0.7514 | elapsed 75.8s
[VAL] Epoch 22 | acc=0.1504 | bal_acc=0.0887 | epoch_time=80.7s

=== Epoch 23/40 ===
Epoch 23 | step 1/50 | loss 0.8475 | elapsed 5.7s
Epoch 23 | step 10/50 | loss 0.6724 | elapsed 17.3s
Epoch 23 | step 20/50 | loss 0.6483 | elapsed 28.5s
Epoch 23 | step 30/50 | loss 0.6387 | elapsed 45.4s
Epoch 23 | step 40/50 | loss 0.6267 | elapsed 57.3s
Epoch 23 | step 50/50 | loss 0.6147 | elapsed 73.3s
[VAL] Epoch 23 | acc=0.1239 | bal_acc=0.0701 | epoch_time=78.1s

=== Epoch 24/40 ===
Epoch 24 | step 1/50 | loss 0.7759 | elapsed 5.4s
Epoch 24 | step 10/50 | loss 0.5632 | elapsed 17.2s
Epoch 24 | step 20/50 | loss 0.5321 | elapsed 28.8s
Epoch 24 | step 30/50 | loss 0.5170 | elapsed 44.8s
Epoch 24 | step 40/50 | loss 0.5012 | elapsed 56.4s
Epoch 24 | step 50/50 | loss 0.4897 | elapsed 72.9s
[VAL] Epoch 24 | acc=0.1416 | bal_acc=0.0824 | epoch_time=77.8s

=== Epoch 25/40 ===
Epoch 25 | step 1/50 | loss 0.3673 | elapsed 5.7s
Epoch 25 | step 10/50 | loss 0.4284 | elapsed 17.1s
Epoch 25 | step 20/50 | loss 0.4296 | elapsed 28.6s
Epoch 25 | step 30/50 | loss 0.4207 | elapsed 45.3s
Epoch 25 | step 40/50 | loss 0.4143 | elapsed 56.7s
Epoch 25 | step 50/50 | loss 0.4001 | elapsed 72.8s
[VAL] Epoch 25 | acc=0.1327 | bal_acc=0.0878 | epoch_time=77.7s

=== Epoch 26/40 ===
Epoch 26 | step 1/50 | loss 0.3949 | elapsed 6.0s
Epoch 26 | step 10/50 | loss 0.4040 | elapsed 16.9s
Epoch 26 | step 20/50 | loss 0.3773 | elapsed 28.4s
Epoch 26 | step 30/50 | loss 0.3629 | elapsed 44.7s
Epoch 26 | step 40/50 | loss 0.3606 | elapsed 56.3s
Epoch 26 | step 50/50 | loss 0.3510 | elapsed 72.0s
[VAL] Epoch 26 | acc=0.0885 | bal_acc=0.0698 | epoch_time=76.9s

=== Epoch 27/40 ===
Epoch 27 | step 1/50 | loss 0.2973 | elapsed 6.0s
Epoch 27 | step 10/50 | loss 0.2937 | elapsed 17.1s
Epoch 27 | step 20/50 | loss 0.2919 | elapsed 28.3s
Epoch 27 | step 30/50 | loss 0.2840 | elapsed 44.7s
Epoch 27 | step 40/50 | loss 0.2773 | elapsed 56.3s
Epoch 27 | step 50/50 | loss 0.2767 | elapsed 72.2s
[VAL] Epoch 27 | acc=0.0708 | bal_acc=0.0423 | epoch_time=77.1s

=== Epoch 28/40 ===
Epoch 28 | step 1/50 | loss 0.1966 | elapsed 5.4s
Epoch 28 | step 10/50 | loss 0.2550 | elapsed 16.7s
Epoch 28 | step 20/50 | loss 0.2485 | elapsed 28.3s
Epoch 28 | step 30/50 | loss 0.2442 | elapsed 44.6s
Epoch 28 | step 40/50 | loss 0.2391 | elapsed 56.8s
Epoch 28 | step 50/50 | loss 0.2376 | elapsed 72.1s
[VAL] Epoch 28 | acc=0.1062 | bal_acc=0.0563 | epoch_time=77.5s

=== Epoch 29/40 ===
Epoch 29 | step 1/50 | loss 0.2525 | elapsed 5.5s
Epoch 29 | step 10/50 | loss 0.2521 | elapsed 17.2s
Epoch 29 | step 20/50 | loss 0.2348 | elapsed 28.2s
Epoch 29 | step 30/50 | loss 0.2283 | elapsed 44.7s
Epoch 29 | step 40/50 | loss 0.2259 | elapsed 55.9s
Epoch 29 | step 50/50 | loss 0.2244 | elapsed 72.4s
[VAL] Epoch 29 | acc=0.0619 | bal_acc=0.0504 | epoch_time=77.3s

=== Epoch 30/40 ===
Epoch 30 | step 1/50 | loss 0.2087 | elapsed 5.9s
Epoch 30 | step 10/50 | loss 0.2241 | elapsed 17.4s
Epoch 30 | step 20/50 | loss 0.1980 | elapsed 28.9s
Epoch 30 | step 30/50 | loss 0.1966 | elapsed 45.2s
Epoch 30 | step 40/50 | loss 0.1939 | elapsed 56.1s
Epoch 30 | step 50/50 | loss 0.1855 | elapsed 72.8s
[VAL] Epoch 30 | acc=0.0442 | bal_acc=0.0374 | epoch_time=77.7s

=== Epoch 31/40 ===
Epoch 31 | step 1/50 | loss 0.1970 | elapsed 5.5s
Epoch 31 | step 10/50 | loss 0.1587 | elapsed 17.1s
Epoch 31 | step 20/50 | loss 0.1617 | elapsed 28.3s
Epoch 31 | step 30/50 | loss 0.1609 | elapsed 44.8s
Epoch 31 | step 40/50 | loss 0.1583 | elapsed 56.5s
Epoch 31 | step 50/50 | loss 0.1576 | elapsed 73.2s
[VAL] Epoch 31 | acc=0.0796 | bal_acc=0.0614 | epoch_time=78.0s

=== Epoch 32/40 ===
Epoch 32 | step 1/50 | loss 0.1715 | elapsed 5.5s
Epoch 32 | step 10/50 | loss 0.1632 | elapsed 16.9s
Epoch 32 | step 20/50 | loss 0.1603 | elapsed 28.3s
Epoch 32 | step 30/50 | loss 0.1589 | elapsed 44.5s
Epoch 32 | step 40/50 | loss 0.1529 | elapsed 56.1s
Epoch 32 | step 50/50 | loss 0.1475 | elapsed 71.7s
[VAL] Epoch 32 | acc=0.0973 | bal_acc=0.0703 | epoch_time=76.5s

=== Epoch 33/40 ===
Epoch 33 | step 1/50 | loss 0.1135 | elapsed 5.8s
Epoch 33 | step 10/50 | loss 0.1482 | elapsed 17.1s
Epoch 33 | step 20/50 | loss 0.1449 | elapsed 28.5s
Epoch 33 | step 30/50 | loss 0.1442 | elapsed 45.1s
Epoch 33 | step 40/50 | loss 0.1409 | elapsed 56.8s
Epoch 33 | step 50/50 | loss 0.1344 | elapsed 73.4s
[VAL] Epoch 33 | acc=0.1150 | bal_acc=0.0673 | epoch_time=78.3s

=== Epoch 34/40 ===
Epoch 34 | step 1/50 | loss 0.1071 | elapsed 6.0s
Epoch 34 | step 10/50 | loss 0.1271 | elapsed 17.5s
Epoch 34 | step 20/50 | loss 0.1203 | elapsed 28.6s
Epoch 34 | step 30/50 | loss 0.1194 | elapsed 45.3s
Epoch 34 | step 40/50 | loss 0.1168 | elapsed 56.7s
Epoch 34 | step 50/50 | loss 0.1175 | elapsed 72.9s
[VAL] Epoch 34 | acc=0.1062 | bal_acc=0.0621 | epoch_time=77.8s

=== Epoch 35/40 ===
Epoch 35 | step 1/50 | loss 0.1101 | elapsed 5.6s
Epoch 35 | step 10/50 | loss 0.1058 | elapsed 16.7s
Epoch 35 | step 20/50 | loss 0.1073 | elapsed 28.5s
Epoch 35 | step 30/50 | loss 0.1099 | elapsed 44.4s
Epoch 35 | step 40/50 | loss 0.1131 | elapsed 56.4s
Epoch 35 | step 50/50 | loss 0.1136 | elapsed 72.3s
[VAL] Epoch 35 | acc=0.0973 | bal_acc=0.0645 | epoch_time=77.2s

=== Epoch 36/40 ===
Epoch 36 | step 1/50 | loss 0.0740 | elapsed 5.7s
Epoch 36 | step 10/50 | loss 0.1138 | elapsed 17.8s
Epoch 36 | step 20/50 | loss 0.1156 | elapsed 29.2s
Epoch 36 | step 30/50 | loss 0.1173 | elapsed 45.3s
Epoch 36 | step 40/50 | loss 0.1169 | elapsed 56.9s
Epoch 36 | step 50/50 | loss 0.1128 | elapsed 73.4s
[VAL] Epoch 36 | acc=0.0973 | bal_acc=0.0588 | epoch_time=78.3s

=== Epoch 37/40 ===
Epoch 37 | step 1/50 | loss 0.0828 | elapsed 5.6s
Epoch 37 | step 10/50 | loss 0.1035 | elapsed 17.1s
Epoch 37 | step 20/50 | loss 0.1069 | elapsed 28.7s
Epoch 37 | step 30/50 | loss 0.1036 | elapsed 44.6s
Epoch 37 | step 40/50 | loss 0.1035 | elapsed 56.1s
Epoch 37 | step 50/50 | loss 0.1033 | elapsed 73.0s
[VAL] Epoch 37 | acc=0.0885 | bal_acc=0.0556 | epoch_time=77.9s

=== Epoch 38/40 ===
Epoch 38 | step 1/50 | loss 0.1134 | elapsed 5.9s
Epoch 38 | step 10/50 | loss 0.1247 | elapsed 17.4s
Epoch 38 | step 20/50 | loss 0.1111 | elapsed 28.8s
Epoch 38 | step 30/50 | loss 0.1060 | elapsed 45.1s
Epoch 38 | step 40/50 | loss 0.1046 | elapsed 56.4s
Epoch 38 | step 50/50 | loss 0.1040 | elapsed 73.0s
[VAL] Epoch 38 | acc=0.0973 | bal_acc=0.0588 | epoch_time=77.8s

=== Epoch 39/40 ===
Epoch 39 | step 1/50 | loss 0.0857 | elapsed 5.5s
Epoch 39 | step 10/50 | loss 0.0888 | elapsed 17.7s
Epoch 39 | step 20/50 | loss 0.1010 | elapsed 29.4s
Epoch 39 | step 30/50 | loss 0.1003 | elapsed 45.9s
Epoch 39 | step 40/50 | loss 0.0982 | elapsed 56.9s
Epoch 39 | step 50/50 | loss 0.0976 | elapsed 73.2s
[VAL] Epoch 39 | acc=0.0973 | bal_acc=0.0588 | epoch_time=78.0s

=== Epoch 40/40 ===
Epoch 40 | step 1/50 | loss 0.1394 | elapsed 5.7s
Epoch 40 | step 10/50 | loss 0.1078 | elapsed 16.9s
Epoch 40 | step 20/50 | loss 0.1050 | elapsed 27.9s
Epoch 40 | step 30/50 | loss 0.1070 | elapsed 44.3s
Epoch 40 | step 40/50 | loss 0.1060 | elapsed 55.7s
Epoch 40 | step 50/50 | loss 0.1077 | elapsed 71.8s
[VAL] Epoch 40 | acc=0.0973 | bal_acc=0.0654 | epoch_time=76.7s
Done. Best val balanced accuracy: 0.08872761225702402
Run dir: runs/site_probe/isbi2027__converged_shuffle_seed5/20260915_193100
