code_commit=cb4e61d
88ad1cbc7154fb2aeee7122fdc210986ec91549abaef23ce155723ec945e0b1e  /mnt/rhome/mmi/projects/isbi2027/code/scripts/train_site_probe.py
5e90010bbc0d89e6497f43cb75606207aea3b0fe659888b430f923a934b9c3ad  /mnt/rhome/mmi/projects/isbi2027/code/src/harmonit/data/abide_slices_dataset.py
46da7a7e43c047b80976307eb4223d1e687d78389016b6fe6852c0bae5307d82  /mnt/rhome/mmi/projects/isbi2027/code/src/harmonit/data/label_controls.py
Device: cuda
Run hparams: batch_size=64 epochs=40 lr=0.0003 steps_per_epoch=50 val_batches=0 lr_schedule=cosine warmup_steps=50 worker_reseed=True
MLflow tracking URI: sqlite:////home/mmi/mlflow_local/isbi2027.db
Num classes (sites): 17
Class names: ['CMU', 'Caltech', 'KKI', 'Leuven', 'MaxMun', 'NYU', 'OHSU', 'Olin', 'Pitt', 'SBL', 'SDSU', 'Stanford', 'Trinity', 'UCLA', 'UM', 'USM', 'Yale']

=== Epoch 1/40 ===
Epoch 1 | step 1/50 | loss 2.7524 | elapsed 8.7s
Epoch 1 | step 10/50 | loss 2.6911 | elapsed 25.3s
Epoch 1 | step 20/50 | loss 2.4674 | elapsed 42.5s
Epoch 1 | step 30/50 | loss 2.2708 | elapsed 65.3s
Epoch 1 | step 40/50 | loss 2.0741 | elapsed 81.0s
Epoch 1 | step 50/50 | loss 1.8754 | elapsed 100.3s
[VAL] Epoch 1 | acc=0.3186 | bal_acc=0.3102 | epoch_time=108.4s

=== Epoch 2/40 ===
Epoch 2 | step 1/50 | loss 0.7924 | elapsed 6.6s
Epoch 2 | step 10/50 | loss 0.8179 | elapsed 21.0s
Epoch 2 | step 20/50 | loss 0.7639 | elapsed 34.9s
Epoch 2 | step 30/50 | loss 0.6812 | elapsed 55.2s
Epoch 2 | step 40/50 | loss 0.6210 | elapsed 69.3s
Epoch 2 | step 50/50 | loss 0.5636 | elapsed 87.1s
[VAL] Epoch 2 | acc=0.7788 | bal_acc=0.7840 | epoch_time=92.3s

=== Epoch 3/40 ===
Epoch 3 | step 1/50 | loss 0.3448 | elapsed 6.1s
Epoch 3 | step 10/50 | loss 0.3098 | elapsed 20.3s
Epoch 3 | step 20/50 | loss 0.2736 | elapsed 34.1s
Epoch 3 | step 30/50 | loss 0.2530 | elapsed 53.7s
Epoch 3 | step 40/50 | loss 0.2445 | elapsed 66.4s
Epoch 3 | step 50/50 | loss 0.2293 | elapsed 82.7s
[VAL] Epoch 3 | acc=0.8938 | bal_acc=0.8309 | epoch_time=87.8s

=== Epoch 4/40 ===
Epoch 4 | step 1/50 | loss 0.3417 | elapsed 6.2s
Epoch 4 | step 10/50 | loss 0.2044 | elapsed 18.7s
Epoch 4 | step 20/50 | loss 0.2068 | elapsed 31.0s
Epoch 4 | step 30/50 | loss 0.1861 | elapsed 48.0s
Epoch 4 | step 40/50 | loss 0.1660 | elapsed 62.3s
Epoch 4 | step 50/50 | loss 0.1527 | elapsed 77.0s
[VAL] Epoch 4 | acc=0.9381 | bal_acc=0.9084 | epoch_time=82.3s

=== Epoch 5/40 ===
Epoch 5 | step 1/50 | loss 0.0500 | elapsed 6.2s
Epoch 5 | step 10/50 | loss 0.0960 | elapsed 18.1s
Epoch 5 | step 20/50 | loss 0.1034 | elapsed 31.1s
Epoch 5 | step 30/50 | loss 0.0906 | elapsed 49.3s
Epoch 5 | step 40/50 | loss 0.0912 | elapsed 61.6s
Epoch 5 | step 50/50 | loss 0.0910 | elapsed 78.6s
[VAL] Epoch 5 | acc=0.8230 | bal_acc=0.8690 | epoch_time=83.9s

=== Epoch 6/40 ===
Epoch 6 | step 1/50 | loss 0.0575 | elapsed 6.1s
Epoch 6 | step 10/50 | loss 0.1205 | elapsed 18.4s
Epoch 6 | step 20/50 | loss 0.1155 | elapsed 30.1s
Epoch 6 | step 30/50 | loss 0.0996 | elapsed 47.9s
Epoch 6 | step 40/50 | loss 0.0959 | elapsed 60.3s
Epoch 6 | step 50/50 | loss 0.0883 | elapsed 77.1s
[VAL] Epoch 6 | acc=0.8938 | bal_acc=0.8506 | epoch_time=82.2s

=== Epoch 7/40 ===
Epoch 7 | step 1/50 | loss 0.0264 | elapsed 5.6s
Epoch 7 | step 10/50 | loss 0.0410 | elapsed 17.7s
Epoch 7 | step 20/50 | loss 0.0482 | elapsed 31.6s
Epoch 7 | step 30/50 | loss 0.0456 | elapsed 47.5s
Epoch 7 | step 40/50 | loss 0.0506 | elapsed 62.3s
Epoch 7 | step 50/50 | loss 0.0534 | elapsed 76.5s
[VAL] Epoch 7 | acc=0.9735 | bal_acc=0.9461 | epoch_time=81.7s

=== Epoch 8/40 ===
Epoch 8 | step 1/50 | loss 0.0219 | elapsed 6.1s
Epoch 8 | step 10/50 | loss 0.0467 | elapsed 17.4s
Epoch 8 | step 20/50 | loss 0.0559 | elapsed 32.9s
Epoch 8 | step 30/50 | loss 0.0604 | elapsed 46.0s
Epoch 8 | step 40/50 | loss 0.0601 | elapsed 62.3s
Epoch 8 | step 50/50 | loss 0.0563 | elapsed 74.3s
[VAL] Epoch 8 | acc=0.9646 | bal_acc=0.9637 | epoch_time=79.5s

=== Epoch 9/40 ===
Epoch 9 | step 1/50 | loss 0.0358 | elapsed 6.8s
Epoch 9 | step 10/50 | loss 0.0628 | elapsed 19.2s
Epoch 9 | step 20/50 | loss 0.0584 | elapsed 31.7s
Epoch 9 | step 30/50 | loss 0.0508 | elapsed 49.3s
Epoch 9 | step 40/50 | loss 0.0438 | elapsed 61.7s
Epoch 9 | step 50/50 | loss 0.0402 | elapsed 78.8s
[VAL] Epoch 9 | acc=0.9735 | bal_acc=0.9608 | epoch_time=84.0s

=== Epoch 10/40 ===
Epoch 10 | step 1/50 | loss 0.0083 | elapsed 6.0s
Epoch 10 | step 10/50 | loss 0.0167 | elapsed 18.6s
Epoch 10 | step 20/50 | loss 0.0175 | elapsed 30.2s
Epoch 10 | step 30/50 | loss 0.0168 | elapsed 47.4s
Epoch 10 | step 40/50 | loss 0.0192 | elapsed 59.9s
Epoch 10 | step 50/50 | loss 0.0192 | elapsed 75.6s
[VAL] Epoch 10 | acc=0.9469 | bal_acc=0.9348 | epoch_time=80.9s

=== Epoch 11/40 ===
Epoch 11 | step 1/50 | loss 0.0134 | elapsed 5.8s
Epoch 11 | step 10/50 | loss 0.0233 | elapsed 18.2s
Epoch 11 | step 20/50 | loss 0.0232 | elapsed 30.2s
Epoch 11 | step 30/50 | loss 0.0223 | elapsed 47.3s
Epoch 11 | step 40/50 | loss 0.0219 | elapsed 61.3s
Epoch 11 | step 50/50 | loss 0.0239 | elapsed 75.3s
[VAL] Epoch 11 | acc=0.7345 | bal_acc=0.6010 | epoch_time=80.6s

=== Epoch 12/40 ===
Epoch 12 | step 1/50 | loss 0.0123 | elapsed 5.9s
Epoch 12 | step 10/50 | loss 0.0297 | elapsed 18.8s
Epoch 12 | step 20/50 | loss 0.0267 | elapsed 30.8s
Epoch 12 | step 30/50 | loss 0.0237 | elapsed 47.9s
Epoch 12 | step 40/50 | loss 0.0237 | elapsed 59.7s
Epoch 12 | step 50/50 | loss 0.0262 | elapsed 76.3s
[VAL] Epoch 12 | acc=0.8230 | bal_acc=0.8999 | epoch_time=81.6s

=== Epoch 13/40 ===
Epoch 13 | step 1/50 | loss 0.0171 | elapsed 6.2s
Epoch 13 | step 10/50 | loss 0.0162 | elapsed 19.2s
Epoch 13 | step 20/50 | loss 0.0198 | elapsed 30.9s
Epoch 13 | step 30/50 | loss 0.0182 | elapsed 48.2s
Epoch 13 | step 40/50 | loss 0.0189 | elapsed 60.0s
Epoch 13 | step 50/50 | loss 0.0182 | elapsed 77.6s
[VAL] Epoch 13 | acc=0.9823 | bal_acc=0.9869 | epoch_time=83.0s

=== Epoch 14/40 ===
Epoch 14 | step 1/50 | loss 0.0054 | elapsed 5.6s
Epoch 14 | step 10/50 | loss 0.0175 | elapsed 18.4s
Epoch 14 | step 20/50 | loss 0.0274 | elapsed 29.7s
Epoch 14 | step 30/50 | loss 0.0259 | elapsed 47.0s
Epoch 14 | step 40/50 | loss 0.0239 | elapsed 59.4s
Epoch 14 | step 50/50 | loss 0.0239 | elapsed 76.2s
[VAL] Epoch 14 | acc=0.9381 | bal_acc=0.9228 | epoch_time=81.4s

=== Epoch 15/40 ===
Epoch 15 | step 1/50 | loss 0.0207 | elapsed 7.2s
Epoch 15 | step 10/50 | loss 0.0206 | elapsed 20.2s
Epoch 15 | step 20/50 | loss 0.0212 | elapsed 34.3s
Epoch 15 | step 30/50 | loss 0.0197 | elapsed 51.9s
Epoch 15 | step 40/50 | loss 0.0190 | elapsed 63.6s
Epoch 15 | step 50/50 | loss 0.0174 | elapsed 80.6s
[VAL] Epoch 15 | acc=0.9381 | bal_acc=0.9286 | epoch_time=85.8s

=== Epoch 16/40 ===
Epoch 16 | step 1/50 | loss 0.0132 | elapsed 6.2s
Epoch 16 | step 10/50 | loss 0.0262 | elapsed 18.1s
Epoch 16 | step 20/50 | loss 0.0303 | elapsed 30.6s
Epoch 16 | step 30/50 | loss 0.0306 | elapsed 50.0s
Epoch 16 | step 40/50 | loss 0.0286 | elapsed 61.6s
Epoch 16 | step 50/50 | loss 0.0251 | elapsed 79.1s
[VAL] Epoch 16 | acc=0.9292 | bal_acc=0.9295 | epoch_time=84.3s

=== Epoch 17/40 ===
Epoch 17 | step 1/50 | loss 0.0192 | elapsed 6.1s
Epoch 17 | step 10/50 | loss 0.0146 | elapsed 20.2s
Epoch 17 | step 20/50 | loss 0.0148 | elapsed 34.1s
Epoch 17 | step 30/50 | loss 0.0150 | elapsed 52.7s
Epoch 17 | step 40/50 | loss 0.0148 | elapsed 63.9s
Epoch 17 | step 50/50 | loss 0.0138 | elapsed 80.4s
[VAL] Epoch 17 | acc=0.9646 | bal_acc=0.9412 | epoch_time=85.6s

=== Epoch 18/40 ===
Epoch 18 | step 1/50 | loss 0.0076 | elapsed 6.2s
Epoch 18 | step 10/50 | loss 0.0153 | elapsed 17.4s
Epoch 18 | step 20/50 | loss 0.0157 | elapsed 30.2s
Epoch 18 | step 30/50 | loss 0.0145 | elapsed 45.7s
Epoch 18 | step 40/50 | loss 0.0159 | elapsed 58.6s
Epoch 18 | step 50/50 | loss 0.0170 | elapsed 74.6s
[VAL] Epoch 18 | acc=0.9381 | bal_acc=0.8966 | epoch_time=79.7s

=== Epoch 19/40 ===
Epoch 19 | step 1/50 | loss 0.0178 | elapsed 5.9s
Epoch 19 | step 10/50 | loss 0.0088 | elapsed 17.8s
Epoch 19 | step 20/50 | loss 0.0083 | elapsed 29.8s
Epoch 19 | step 30/50 | loss 0.0084 | elapsed 47.1s
Epoch 19 | step 40/50 | loss 0.0094 | elapsed 58.6s
Epoch 19 | step 50/50 | loss 0.0103 | elapsed 75.2s
[VAL] Epoch 19 | acc=0.9735 | bal_acc=0.9701 | epoch_time=80.4s

=== Epoch 20/40 ===
Epoch 20 | step 1/50 | loss 0.0045 | elapsed 6.1s
Epoch 20 | step 10/50 | loss 0.0074 | elapsed 17.9s
Epoch 20 | step 20/50 | loss 0.0064 | elapsed 29.9s
Epoch 20 | step 30/50 | loss 0.0064 | elapsed 47.4s
Epoch 20 | step 40/50 | loss 0.0065 | elapsed 59.1s
Epoch 20 | step 50/50 | loss 0.0059 | elapsed 75.5s
[VAL] Epoch 20 | acc=0.9912 | bal_acc=0.9947 | epoch_time=80.7s

=== Epoch 21/40 ===
Epoch 21 | step 1/50 | loss 0.0017 | elapsed 5.9s
Epoch 21 | step 10/50 | loss 0.0038 | elapsed 17.6s
Epoch 21 | step 20/50 | loss 0.0036 | elapsed 29.6s
Epoch 21 | step 30/50 | loss 0.0040 | elapsed 46.4s
Epoch 21 | step 40/50 | loss 0.0048 | elapsed 57.8s
Epoch 21 | step 50/50 | loss 0.0044 | elapsed 74.4s
[VAL] Epoch 21 | acc=0.9735 | bal_acc=0.9701 | epoch_time=79.6s

=== Epoch 22/40 ===
Epoch 22 | step 1/50 | loss 0.0020 | elapsed 6.2s
Epoch 22 | step 10/50 | loss 0.0044 | elapsed 18.1s
Epoch 22 | step 20/50 | loss 0.0033 | elapsed 29.8s
Epoch 22 | step 30/50 | loss 0.0036 | elapsed 46.8s
Epoch 22 | step 40/50 | loss 0.0032 | elapsed 58.2s
Epoch 22 | step 50/50 | loss 0.0029 | elapsed 75.3s
[VAL] Epoch 22 | acc=1.0000 | bal_acc=1.0000 | epoch_time=80.4s

=== Epoch 23/40 ===
Epoch 23 | step 1/50 | loss 0.0010 | elapsed 5.7s
Epoch 23 | step 10/50 | loss 0.0014 | elapsed 17.7s
Epoch 23 | step 20/50 | loss 0.0012 | elapsed 29.6s
Epoch 23 | step 30/50 | loss 0.0012 | elapsed 46.8s
Epoch 23 | step 40/50 | loss 0.0012 | elapsed 58.1s
Epoch 23 | step 50/50 | loss 0.0013 | elapsed 74.8s
[VAL] Epoch 23 | acc=1.0000 | bal_acc=1.0000 | epoch_time=79.9s

=== Epoch 24/40 ===
Epoch 24 | step 1/50 | loss 0.0006 | elapsed 5.9s
Epoch 24 | step 10/50 | loss 0.0023 | elapsed 17.8s
Epoch 24 | step 20/50 | loss 0.0018 | elapsed 29.5s
Epoch 24 | step 30/50 | loss 0.0017 | elapsed 46.7s
Epoch 24 | step 40/50 | loss 0.0016 | elapsed 58.0s
Epoch 24 | step 50/50 | loss 0.0016 | elapsed 75.1s
[VAL] Epoch 24 | acc=1.0000 | bal_acc=1.0000 | epoch_time=80.2s

=== Epoch 25/40 ===
Epoch 25 | step 1/50 | loss 0.0014 | elapsed 5.5s
Epoch 25 | step 10/50 | loss 0.0031 | elapsed 17.6s
Epoch 25 | step 20/50 | loss 0.0029 | elapsed 32.1s
Epoch 25 | step 30/50 | loss 0.0032 | elapsed 47.0s
Epoch 25 | step 40/50 | loss 0.0031 | elapsed 60.9s
Epoch 25 | step 50/50 | loss 0.0029 | elapsed 75.2s
[VAL] Epoch 25 | acc=0.9912 | bal_acc=0.9902 | epoch_time=80.4s

=== Epoch 26/40 ===
Epoch 26 | step 1/50 | loss 0.0014 | elapsed 6.5s
Epoch 26 | step 10/50 | loss 0.0018 | elapsed 19.2s
Epoch 26 | step 20/50 | loss 0.0017 | elapsed 31.3s
Epoch 26 | step 30/50 | loss 0.0017 | elapsed 48.1s
Epoch 26 | step 40/50 | loss 0.0017 | elapsed 59.9s
Epoch 26 | step 50/50 | loss 0.0018 | elapsed 76.0s
[VAL] Epoch 26 | acc=1.0000 | bal_acc=1.0000 | epoch_time=81.3s

=== Epoch 27/40 ===
Epoch 27 | step 1/50 | loss 0.0005 | elapsed 5.7s
Epoch 27 | step 10/50 | loss 0.0010 | elapsed 18.2s
Epoch 27 | step 20/50 | loss 0.0014 | elapsed 30.2s
Epoch 27 | step 30/50 | loss 0.0012 | elapsed 47.6s
Epoch 27 | step 40/50 | loss 0.0012 | elapsed 59.2s
Epoch 27 | step 50/50 | loss 0.0012 | elapsed 76.6s
[VAL] Epoch 27 | acc=1.0000 | bal_acc=1.0000 | epoch_time=81.8s

=== Epoch 28/40 ===
Epoch 28 | step 1/50 | loss 0.0011 | elapsed 5.9s
Epoch 28 | step 10/50 | loss 0.0018 | elapsed 18.9s
Epoch 28 | step 20/50 | loss 0.0017 | elapsed 35.1s
Epoch 28 | step 30/50 | loss 0.0015 | elapsed 51.9s
Epoch 28 | step 40/50 | loss 0.0015 | elapsed 64.4s
Epoch 28 | step 50/50 | loss 0.0014 | elapsed 81.3s
[VAL] Epoch 28 | acc=1.0000 | bal_acc=1.0000 | epoch_time=86.9s

=== Epoch 29/40 ===
Epoch 29 | step 1/50 | loss 0.0008 | elapsed 5.8s
Epoch 29 | step 10/50 | loss 0.0008 | elapsed 18.6s
Epoch 29 | step 20/50 | loss 0.0012 | elapsed 31.0s
Epoch 29 | step 30/50 | loss 0.0011 | elapsed 48.2s
Epoch 29 | step 40/50 | loss 0.0012 | elapsed 60.4s
Epoch 29 | step 50/50 | loss 0.0011 | elapsed 79.2s
[VAL] Epoch 29 | acc=1.0000 | bal_acc=1.0000 | epoch_time=87.2s

=== Epoch 30/40 ===
Epoch 30 | step 1/50 | loss 0.0020 | elapsed 7.0s
Epoch 30 | step 10/50 | loss 0.0019 | elapsed 19.3s
Epoch 30 | step 20/50 | loss 0.0016 | elapsed 31.6s
Epoch 30 | step 30/50 | loss 0.0014 | elapsed 48.8s
Epoch 30 | step 40/50 | loss 0.0015 | elapsed 61.2s
Epoch 30 | step 50/50 | loss 0.0014 | elapsed 80.6s
[VAL] Epoch 30 | acc=0.9912 | bal_acc=0.9947 | epoch_time=87.9s

=== Epoch 31/40 ===
Epoch 31 | step 1/50 | loss 0.0009 | elapsed 7.9s
Epoch 31 | step 10/50 | loss 0.0019 | elapsed 22.9s
Epoch 31 | step 20/50 | loss 0.0017 | elapsed 37.0s
Epoch 31 | step 30/50 | loss 0.0014 | elapsed 56.1s
Epoch 31 | step 40/50 | loss 0.0012 | elapsed 70.7s
Epoch 31 | step 50/50 | loss 0.0013 | elapsed 90.1s
[VAL] Epoch 31 | acc=1.0000 | bal_acc=1.0000 | epoch_time=95.5s

=== Epoch 32/40 ===
Epoch 32 | step 1/50 | loss 0.0007 | elapsed 7.2s
Epoch 32 | step 10/50 | loss 0.0011 | elapsed 22.8s
Epoch 32 | step 20/50 | loss 0.0012 | elapsed 38.7s
Epoch 32 | step 30/50 | loss 0.0014 | elapsed 56.3s
Epoch 32 | step 40/50 | loss 0.0013 | elapsed 72.0s
Epoch 32 | step 50/50 | loss 0.0012 | elapsed 88.6s
[VAL] Epoch 32 | acc=1.0000 | bal_acc=1.0000 | epoch_time=93.8s

=== Epoch 33/40 ===
Epoch 33 | step 1/50 | loss 0.0040 | elapsed 10.6s
Epoch 33 | step 10/50 | loss 0.0014 | elapsed 24.9s
Epoch 33 | step 20/50 | loss 0.0011 | elapsed 39.5s
Epoch 33 | step 30/50 | loss 0.0013 | elapsed 57.5s
Epoch 33 | step 40/50 | loss 0.0012 | elapsed 72.8s
Epoch 33 | step 50/50 | loss 0.0014 | elapsed 91.1s
[VAL] Epoch 33 | acc=1.0000 | bal_acc=1.0000 | epoch_time=96.3s

=== Epoch 34/40 ===
Epoch 34 | step 1/50 | loss 0.0006 | elapsed 8.6s
Epoch 34 | step 10/50 | loss 0.0009 | elapsed 23.5s
Epoch 34 | step 20/50 | loss 0.0012 | elapsed 38.2s
Epoch 34 | step 30/50 | loss 0.0012 | elapsed 57.9s
Epoch 34 | step 40/50 | loss 0.0012 | elapsed 71.9s
Epoch 34 | step 50/50 | loss 0.0012 | elapsed 91.1s
[VAL] Epoch 34 | acc=1.0000 | bal_acc=1.0000 | epoch_time=96.6s

=== Epoch 35/40 ===
Epoch 35 | step 1/50 | loss 0.0003 | elapsed 7.0s
Epoch 35 | step 10/50 | loss 0.0010 | elapsed 25.0s
Epoch 35 | step 20/50 | loss 0.0009 | elapsed 39.3s
Epoch 35 | step 30/50 | loss 0.0010 | elapsed 59.2s
Epoch 35 | step 40/50 | loss 0.0010 | elapsed 73.5s
Epoch 35 | step 50/50 | loss 0.0009 | elapsed 98.5s
[VAL] Epoch 35 | acc=1.0000 | bal_acc=1.0000 | epoch_time=105.3s

=== Epoch 36/40 ===
Epoch 36 | step 1/50 | loss 0.0019 | elapsed 9.2s
Epoch 36 | step 10/50 | loss 0.0015 | elapsed 23.9s
Epoch 36 | step 20/50 | loss 0.0014 | elapsed 42.5s
Epoch 36 | step 30/50 | loss 0.0012 | elapsed 65.1s
Epoch 36 | step 40/50 | loss 0.0012 | elapsed 82.6s
Epoch 36 | step 50/50 | loss 0.0012 | elapsed 104.0s
[VAL] Epoch 36 | acc=1.0000 | bal_acc=1.0000 | epoch_time=109.9s

=== Epoch 37/40 ===
Epoch 37 | step 1/50 | loss 0.0007 | elapsed 9.2s
Epoch 37 | step 10/50 | loss 0.0014 | elapsed 24.0s
Epoch 37 | step 20/50 | loss 0.0012 | elapsed 39.2s
Epoch 37 | step 30/50 | loss 0.0011 | elapsed 60.3s
Epoch 37 | step 40/50 | loss 0.0011 | elapsed 81.7s
Epoch 37 | step 50/50 | loss 0.0011 | elapsed 100.1s
[VAL] Epoch 37 | acc=1.0000 | bal_acc=1.0000 | epoch_time=106.6s

=== Epoch 38/40 ===
Epoch 38 | step 1/50 | loss 0.0003 | elapsed 7.3s
Epoch 38 | step 10/50 | loss 0.0008 | elapsed 25.6s
Epoch 38 | step 20/50 | loss 0.0010 | elapsed 45.3s
Epoch 38 | step 30/50 | loss 0.0011 | elapsed 68.3s
Epoch 38 | step 40/50 | loss 0.0010 | elapsed 83.4s
Epoch 38 | step 50/50 | loss 0.0011 | elapsed 106.0s
[VAL] Epoch 38 | acc=1.0000 | bal_acc=1.0000 | epoch_time=111.5s

=== Epoch 39/40 ===
Epoch 39 | step 1/50 | loss 0.0004 | elapsed 8.2s
Epoch 39 | step 10/50 | loss 0.0009 | elapsed 23.1s
Epoch 39 | step 20/50 | loss 0.0009 | elapsed 39.0s
Epoch 39 | step 30/50 | loss 0.0010 | elapsed 56.4s
Epoch 39 | step 40/50 | loss 0.0011 | elapsed 68.5s
Epoch 39 | step 50/50 | loss 0.0011 | elapsed 85.5s
[VAL] Epoch 39 | acc=1.0000 | bal_acc=1.0000 | epoch_time=90.7s

=== Epoch 40/40 ===
Epoch 40 | step 1/50 | loss 0.0010 | elapsed 5.9s
Epoch 40 | step 10/50 | loss 0.0008 | elapsed 17.5s
Epoch 40 | step 20/50 | loss 0.0009 | elapsed 29.5s
Epoch 40 | step 30/50 | loss 0.0010 | elapsed 46.4s
Epoch 40 | step 40/50 | loss 0.0010 | elapsed 58.4s
Epoch 40 | step 50/50 | loss 0.0011 | elapsed 75.3s
[VAL] Epoch 40 | acc=1.0000 | bal_acc=1.0000 | epoch_time=80.9s
Done. Best val balanced accuracy: 1.0
Run dir: runs/site_probe/isbi2027__converged_raw_seed6/20260915_160846
