code_commit=159b502
88ad1cbc7154fb2aeee7122fdc210986ec91549abaef23ce155723ec945e0b1e  /mnt/rhome/mmi/projects/isbi2027/code/scripts/train_site_probe.py
5e90010bbc0d89e6497f43cb75606207aea3b0fe659888b430f923a934b9c3ad  /mnt/rhome/mmi/projects/isbi2027/code/src/harmonit/data/abide_slices_dataset.py
46da7a7e43c047b80976307eb4223d1e687d78389016b6fe6852c0bae5307d82  /mnt/rhome/mmi/projects/isbi2027/code/src/harmonit/data/label_controls.py
Device: cuda
Run hparams: batch_size=64 epochs=40 lr=0.0003 steps_per_epoch=50 val_batches=0 lr_schedule=cosine warmup_steps=50 worker_reseed=True
MLflow tracking URI: sqlite:////home/mmi/mlflow_local/isbi2027.db
Num classes (sites): 17
Class names: ['CMU', 'Caltech', 'KKI', 'Leuven', 'MaxMun', 'NYU', 'OHSU', 'Olin', 'Pitt', 'SBL', 'SDSU', 'Stanford', 'Trinity', 'UCLA', 'UM', 'USM', 'Yale']

=== Epoch 1/40 ===
Epoch 1 | step 1/50 | loss 3.0652 | elapsed 11.0s
Epoch 1 | step 10/50 | loss 2.8200 | elapsed 26.9s
Epoch 1 | step 20/50 | loss 2.5100 | elapsed 46.2s
Epoch 1 | step 30/50 | loss 2.2828 | elapsed 81.6s
Epoch 1 | step 40/50 | loss 2.0626 | elapsed 104.1s
Epoch 1 | step 50/50 | loss 1.8831 | elapsed 139.3s
[VAL] Epoch 1 | acc=0.3274 | bal_acc=0.2783 | epoch_time=154.7s

=== Epoch 2/40 ===
Epoch 2 | step 1/50 | loss 1.1741 | elapsed 13.6s
Epoch 2 | step 10/50 | loss 0.8966 | elapsed 41.1s
Epoch 2 | step 20/50 | loss 0.8257 | elapsed 67.2s
Epoch 2 | step 30/50 | loss 0.7594 | elapsed 95.3s
Epoch 2 | step 40/50 | loss 0.6999 | elapsed 121.2s
Epoch 2 | step 50/50 | loss 0.6329 | elapsed 152.5s
[VAL] Epoch 2 | acc=0.6460 | bal_acc=0.5971 | epoch_time=159.7s

=== Epoch 3/40 ===
Epoch 3 | step 1/50 | loss 0.3280 | elapsed 10.8s
Epoch 3 | step 10/50 | loss 0.3081 | elapsed 36.7s
Epoch 3 | step 20/50 | loss 0.2815 | elapsed 62.7s
Epoch 3 | step 30/50 | loss 0.2603 | elapsed 98.4s
Epoch 3 | step 40/50 | loss 0.2362 | elapsed 118.8s
Epoch 3 | step 50/50 | loss 0.2184 | elapsed 146.9s
[VAL] Epoch 3 | acc=0.8761 | bal_acc=0.8122 | epoch_time=153.3s

=== Epoch 4/40 ===
Epoch 4 | step 1/50 | loss 0.0878 | elapsed 12.5s
Epoch 4 | step 10/50 | loss 0.1283 | elapsed 34.8s
Epoch 4 | step 20/50 | loss 0.1318 | elapsed 54.6s
Epoch 4 | step 30/50 | loss 0.1536 | elapsed 88.5s
Epoch 4 | step 40/50 | loss 0.1544 | elapsed 107.8s
Epoch 4 | step 50/50 | loss 0.1505 | elapsed 137.7s
[VAL] Epoch 4 | acc=0.9204 | bal_acc=0.9147 | epoch_time=145.4s

=== Epoch 5/40 ===
Epoch 5 | step 1/50 | loss 0.1142 | elapsed 8.3s
Epoch 5 | step 10/50 | loss 0.1109 | elapsed 31.7s
Epoch 5 | step 20/50 | loss 0.0990 | elapsed 63.5s
Epoch 5 | step 30/50 | loss 0.0964 | elapsed 83.8s
Epoch 5 | step 40/50 | loss 0.1011 | elapsed 106.9s
Epoch 5 | step 50/50 | loss 0.0972 | elapsed 131.9s
[VAL] Epoch 5 | acc=0.8053 | bal_acc=0.7580 | epoch_time=140.9s

=== Epoch 6/40 ===
Epoch 6 | step 1/50 | loss 0.0602 | elapsed 10.2s
Epoch 6 | step 10/50 | loss 0.0678 | elapsed 34.4s
Epoch 6 | step 20/50 | loss 0.0689 | elapsed 58.2s
Epoch 6 | step 30/50 | loss 0.0680 | elapsed 86.2s
Epoch 6 | step 40/50 | loss 0.0647 | elapsed 101.0s
Epoch 6 | step 50/50 | loss 0.0686 | elapsed 122.8s
[VAL] Epoch 6 | acc=0.8319 | bal_acc=0.7973 | epoch_time=128.8s

=== Epoch 7/40 ===
Epoch 7 | step 1/50 | loss 0.0842 | elapsed 8.6s
Epoch 7 | step 10/50 | loss 0.0721 | elapsed 25.7s
Epoch 7 | step 20/50 | loss 0.0698 | elapsed 41.9s
Epoch 7 | step 30/50 | loss 0.0670 | elapsed 65.1s
Epoch 7 | step 40/50 | loss 0.0627 | elapsed 77.6s
Epoch 7 | step 50/50 | loss 0.0638 | elapsed 97.5s
[VAL] Epoch 7 | acc=0.8319 | bal_acc=0.7580 | epoch_time=103.3s

=== Epoch 8/40 ===
Epoch 8 | step 1/50 | loss 0.0550 | elapsed 7.6s
Epoch 8 | step 10/50 | loss 0.0551 | elapsed 22.8s
Epoch 8 | step 20/50 | loss 0.0479 | elapsed 38.0s
Epoch 8 | step 30/50 | loss 0.0541 | elapsed 59.0s
Epoch 8 | step 40/50 | loss 0.0571 | elapsed 71.7s
Epoch 8 | step 50/50 | loss 0.0574 | elapsed 93.0s
[VAL] Epoch 8 | acc=0.8230 | bal_acc=0.7546 | epoch_time=99.6s

=== Epoch 9/40 ===
Epoch 9 | step 1/50 | loss 0.0449 | elapsed 9.4s
Epoch 9 | step 10/50 | loss 0.0630 | elapsed 32.1s
Epoch 9 | step 20/50 | loss 0.0550 | elapsed 46.9s
Epoch 9 | step 30/50 | loss 0.0524 | elapsed 66.5s
Epoch 9 | step 40/50 | loss 0.0626 | elapsed 83.2s
Epoch 9 | step 50/50 | loss 0.0618 | elapsed 105.7s
[VAL] Epoch 9 | acc=0.8053 | bal_acc=0.7153 | epoch_time=112.0s

=== Epoch 10/40 ===
Epoch 10 | step 1/50 | loss 0.1543 | elapsed 7.3s
Epoch 10 | step 10/50 | loss 0.0625 | elapsed 27.9s
Epoch 10 | step 20/50 | loss 0.0531 | elapsed 45.6s
Epoch 10 | step 30/50 | loss 0.0486 | elapsed 72.9s
Epoch 10 | step 40/50 | loss 0.0425 | elapsed 88.0s
Epoch 10 | step 50/50 | loss 0.0386 | elapsed 111.7s
[VAL] Epoch 10 | acc=0.9823 | bal_acc=0.9893 | epoch_time=117.8s

=== Epoch 11/40 ===
Epoch 11 | step 1/50 | loss 0.0203 | elapsed 10.8s
Epoch 11 | step 10/50 | loss 0.0199 | elapsed 27.5s
Epoch 11 | step 20/50 | loss 0.0201 | elapsed 49.4s
Epoch 11 | step 30/50 | loss 0.0158 | elapsed 72.2s
Epoch 11 | step 40/50 | loss 0.0145 | elapsed 89.0s
Epoch 11 | step 50/50 | loss 0.0156 | elapsed 103.8s
[VAL] Epoch 11 | acc=0.9292 | bal_acc=0.9275 | epoch_time=109.2s

=== Epoch 12/40 ===
Epoch 12 | step 1/50 | loss 0.0239 | elapsed 7.0s
Epoch 12 | step 10/50 | loss 0.0288 | elapsed 23.2s
Epoch 12 | step 20/50 | loss 0.0280 | elapsed 41.3s
Epoch 12 | step 30/50 | loss 0.0260 | elapsed 59.4s
Epoch 12 | step 40/50 | loss 0.0237 | elapsed 74.9s
Epoch 12 | step 50/50 | loss 0.0233 | elapsed 91.8s
[VAL] Epoch 12 | acc=0.9735 | bal_acc=0.9647 | epoch_time=97.2s

=== Epoch 13/40 ===
Epoch 13 | step 1/50 | loss 0.0156 | elapsed 7.4s
Epoch 13 | step 10/50 | loss 0.0282 | elapsed 21.6s
Epoch 13 | step 20/50 | loss 0.0282 | elapsed 37.4s
Epoch 13 | step 30/50 | loss 0.0322 | elapsed 57.6s
Epoch 13 | step 40/50 | loss 0.0306 | elapsed 71.9s
Epoch 13 | step 50/50 | loss 0.0329 | elapsed 89.7s
[VAL] Epoch 13 | acc=0.9912 | bal_acc=0.9902 | epoch_time=95.0s

=== Epoch 14/40 ===
Epoch 14 | step 1/50 | loss 0.0151 | elapsed 9.7s
Epoch 14 | step 10/50 | loss 0.0332 | elapsed 24.3s
Epoch 14 | step 20/50 | loss 0.0318 | elapsed 39.6s
Epoch 14 | step 30/50 | loss 0.0284 | elapsed 62.5s
Epoch 14 | step 40/50 | loss 0.0262 | elapsed 81.8s
Epoch 14 | step 50/50 | loss 0.0257 | elapsed 98.7s
[VAL] Epoch 14 | acc=0.9735 | bal_acc=0.9788 | epoch_time=104.5s

=== Epoch 15/40 ===
Epoch 15 | step 1/50 | loss 0.0129 | elapsed 7.9s
Epoch 15 | step 10/50 | loss 0.0203 | elapsed 24.9s
Epoch 15 | step 20/50 | loss 0.0191 | elapsed 46.2s
Epoch 15 | step 30/50 | loss 0.0182 | elapsed 64.5s
Epoch 15 | step 40/50 | loss 0.0167 | elapsed 83.9s
Epoch 15 | step 50/50 | loss 0.0155 | elapsed 99.7s
[VAL] Epoch 15 | acc=1.0000 | bal_acc=1.0000 | epoch_time=105.2s

=== Epoch 16/40 ===
Epoch 16 | step 1/50 | loss 0.0265 | elapsed 7.6s
Epoch 16 | step 10/50 | loss 0.0152 | elapsed 23.5s
Epoch 16 | step 20/50 | loss 0.0157 | elapsed 38.6s
Epoch 16 | step 30/50 | loss 0.0133 | elapsed 58.8s
Epoch 16 | step 40/50 | loss 0.0136 | elapsed 73.2s
Epoch 16 | step 50/50 | loss 0.0177 | elapsed 91.5s
[VAL] Epoch 16 | acc=0.9823 | bal_acc=0.9888 | epoch_time=97.0s

=== Epoch 17/40 ===
Epoch 17 | step 1/50 | loss 0.0074 | elapsed 7.6s
Epoch 17 | step 10/50 | loss 0.0186 | elapsed 22.5s
Epoch 17 | step 20/50 | loss 0.0203 | elapsed 37.0s
Epoch 17 | step 30/50 | loss 0.0195 | elapsed 59.1s
Epoch 17 | step 40/50 | loss 0.0216 | elapsed 72.6s
Epoch 17 | step 50/50 | loss 0.0203 | elapsed 91.7s
[VAL] Epoch 17 | acc=0.9646 | bal_acc=0.9575 | epoch_time=99.0s

=== Epoch 18/40 ===
Epoch 18 | step 1/50 | loss 0.0052 | elapsed 7.5s
Epoch 18 | step 10/50 | loss 0.0304 | elapsed 28.1s
Epoch 18 | step 20/50 | loss 0.0263 | elapsed 47.3s
Epoch 18 | step 30/50 | loss 0.0269 | elapsed 71.7s
Epoch 18 | step 40/50 | loss 0.0219 | elapsed 86.5s
Epoch 18 | step 50/50 | loss 0.0202 | elapsed 106.4s
[VAL] Epoch 18 | acc=0.9823 | bal_acc=0.9799 | epoch_time=112.4s

=== Epoch 19/40 ===
Epoch 19 | step 1/50 | loss 0.0048 | elapsed 8.2s
Epoch 19 | step 10/50 | loss 0.0120 | elapsed 24.0s
Epoch 19 | step 20/50 | loss 0.0103 | elapsed 43.5s
Epoch 19 | step 30/50 | loss 0.0108 | elapsed 67.2s
Epoch 19 | step 40/50 | loss 0.0094 | elapsed 82.5s
Epoch 19 | step 50/50 | loss 0.0088 | elapsed 102.2s
[VAL] Epoch 19 | acc=0.9823 | bal_acc=0.9888 | epoch_time=108.4s

=== Epoch 20/40 ===
Epoch 20 | step 1/50 | loss 0.0028 | elapsed 9.0s
Epoch 20 | step 10/50 | loss 0.0031 | elapsed 27.1s
Epoch 20 | step 20/50 | loss 0.0034 | elapsed 46.6s
Epoch 20 | step 30/50 | loss 0.0032 | elapsed 69.8s
Epoch 20 | step 40/50 | loss 0.0031 | elapsed 85.9s
Epoch 20 | step 50/50 | loss 0.0032 | elapsed 105.3s
[VAL] Epoch 20 | acc=1.0000 | bal_acc=1.0000 | epoch_time=111.1s

=== Epoch 21/40 ===
Epoch 21 | step 1/50 | loss 0.0018 | elapsed 7.6s
Epoch 21 | step 10/50 | loss 0.0048 | elapsed 23.2s
Epoch 21 | step 20/50 | loss 0.0044 | elapsed 40.0s
Epoch 21 | step 30/50 | loss 0.0037 | elapsed 66.5s
Epoch 21 | step 40/50 | loss 0.0035 | elapsed 83.1s
Epoch 21 | step 50/50 | loss 0.0034 | elapsed 103.0s
[VAL] Epoch 21 | acc=1.0000 | bal_acc=1.0000 | epoch_time=109.0s

=== Epoch 22/40 ===
Epoch 22 | step 1/50 | loss 0.0005 | elapsed 9.4s
Epoch 22 | step 10/50 | loss 0.0017 | elapsed 26.2s
Epoch 22 | step 20/50 | loss 0.0018 | elapsed 44.4s
Epoch 22 | step 30/50 | loss 0.0023 | elapsed 70.4s
Epoch 22 | step 40/50 | loss 0.0025 | elapsed 82.9s
Epoch 22 | step 50/50 | loss 0.0026 | elapsed 102.5s
[VAL] Epoch 22 | acc=0.9912 | bal_acc=0.9941 | epoch_time=109.1s

=== Epoch 23/40 ===
Epoch 23 | step 1/50 | loss 0.0060 | elapsed 9.9s
Epoch 23 | step 10/50 | loss 0.0040 | elapsed 29.7s
Epoch 23 | step 20/50 | loss 0.0056 | elapsed 47.0s
Epoch 23 | step 30/50 | loss 0.0059 | elapsed 66.7s
Epoch 23 | step 40/50 | loss 0.0056 | elapsed 79.4s
Epoch 23 | step 50/50 | loss 0.0052 | elapsed 101.3s
[VAL] Epoch 23 | acc=1.0000 | bal_acc=1.0000 | epoch_time=107.7s

=== Epoch 24/40 ===
Epoch 24 | step 1/50 | loss 0.0010 | elapsed 7.3s
Epoch 24 | step 10/50 | loss 0.0033 | elapsed 26.0s
Epoch 24 | step 20/50 | loss 0.0035 | elapsed 46.5s
Epoch 24 | step 30/50 | loss 0.0034 | elapsed 64.7s
Epoch 24 | step 40/50 | loss 0.0030 | elapsed 85.2s
Epoch 24 | step 50/50 | loss 0.0028 | elapsed 103.2s
[VAL] Epoch 24 | acc=1.0000 | bal_acc=1.0000 | epoch_time=109.6s

=== Epoch 25/40 ===
Epoch 25 | step 1/50 | loss 0.0015 | elapsed 7.0s
Epoch 25 | step 10/50 | loss 0.0014 | elapsed 24.7s
Epoch 25 | step 20/50 | loss 0.0019 | elapsed 43.1s
Epoch 25 | step 30/50 | loss 0.0018 | elapsed 64.4s
Epoch 25 | step 40/50 | loss 0.0019 | elapsed 86.2s
Epoch 25 | step 50/50 | loss 0.0021 | elapsed 101.1s
[VAL] Epoch 25 | acc=1.0000 | bal_acc=1.0000 | epoch_time=106.9s

=== Epoch 26/40 ===
Epoch 26 | step 1/50 | loss 0.0007 | elapsed 8.0s
Epoch 26 | step 10/50 | loss 0.0058 | elapsed 23.4s
Epoch 26 | step 20/50 | loss 0.0042 | elapsed 41.5s
Epoch 26 | step 30/50 | loss 0.0040 | elapsed 66.6s
Epoch 26 | step 40/50 | loss 0.0036 | elapsed 91.3s
Epoch 26 | step 50/50 | loss 0.0033 | elapsed 114.6s
[VAL] Epoch 26 | acc=1.0000 | bal_acc=1.0000 | epoch_time=122.9s

=== Epoch 27/40 ===
Epoch 27 | step 1/50 | loss 0.0004 | elapsed 12.2s
Epoch 27 | step 10/50 | loss 0.0017 | elapsed 33.1s
Epoch 27 | step 20/50 | loss 0.0014 | elapsed 55.1s
Epoch 27 | step 30/50 | loss 0.0013 | elapsed 85.1s
Epoch 27 | step 40/50 | loss 0.0013 | elapsed 102.7s
Epoch 27 | step 50/50 | loss 0.0014 | elapsed 126.5s
[VAL] Epoch 27 | acc=1.0000 | bal_acc=1.0000 | epoch_time=131.9s

=== Epoch 28/40 ===
Epoch 28 | step 1/50 | loss 0.0006 | elapsed 9.1s
Epoch 28 | step 10/50 | loss 0.0011 | elapsed 25.5s
Epoch 28 | step 20/50 | loss 0.0032 | elapsed 48.3s
Epoch 28 | step 30/50 | loss 0.0032 | elapsed 78.5s
Epoch 28 | step 40/50 | loss 0.0029 | elapsed 95.2s
Epoch 28 | step 50/50 | loss 0.0029 | elapsed 122.1s
[VAL] Epoch 28 | acc=1.0000 | bal_acc=1.0000 | epoch_time=129.7s

=== Epoch 29/40 ===
Epoch 29 | step 1/50 | loss 0.0016 | elapsed 9.6s
Epoch 29 | step 10/50 | loss 0.0022 | elapsed 33.0s
Epoch 29 | step 20/50 | loss 0.0019 | elapsed 55.6s
Epoch 29 | step 30/50 | loss 0.0018 | elapsed 82.4s
Epoch 29 | step 40/50 | loss 0.0017 | elapsed 97.4s
Epoch 29 | step 50/50 | loss 0.0016 | elapsed 119.3s
[VAL] Epoch 29 | acc=1.0000 | bal_acc=1.0000 | epoch_time=125.8s

=== Epoch 30/40 ===
Epoch 30 | step 1/50 | loss 0.0011 | elapsed 7.5s
Epoch 30 | step 10/50 | loss 0.0015 | elapsed 28.8s
Epoch 30 | step 20/50 | loss 0.0013 | elapsed 45.5s
Epoch 30 | step 30/50 | loss 0.0017 | elapsed 66.0s
Epoch 30 | step 40/50 | loss 0.0015 | elapsed 77.4s
Epoch 30 | step 50/50 | loss 0.0016 | elapsed 96.8s
[VAL] Epoch 30 | acc=1.0000 | bal_acc=1.0000 | epoch_time=102.2s

=== Epoch 31/40 ===
Epoch 31 | step 1/50 | loss 0.0010 | elapsed 7.2s
Epoch 31 | step 10/50 | loss 0.0013 | elapsed 22.0s
Epoch 31 | step 20/50 | loss 0.0020 | elapsed 37.5s
Epoch 31 | step 30/50 | loss 0.0019 | elapsed 58.2s
Epoch 31 | step 40/50 | loss 0.0019 | elapsed 69.6s
Epoch 31 | step 50/50 | loss 0.0026 | elapsed 88.7s
[VAL] Epoch 31 | acc=1.0000 | bal_acc=1.0000 | epoch_time=94.3s

=== Epoch 32/40 ===
Epoch 32 | step 1/50 | loss 0.0033 | elapsed 6.3s
Epoch 32 | step 10/50 | loss 0.0012 | elapsed 20.8s
Epoch 32 | step 20/50 | loss 0.0013 | elapsed 39.0s
Epoch 32 | step 30/50 | loss 0.0014 | elapsed 59.1s
Epoch 32 | step 40/50 | loss 0.0022 | elapsed 71.7s
Epoch 32 | step 50/50 | loss 0.0020 | elapsed 91.1s
[VAL] Epoch 32 | acc=1.0000 | bal_acc=1.0000 | epoch_time=100.7s

=== Epoch 33/40 ===
Epoch 33 | step 1/50 | loss 0.0045 | elapsed 12.0s
Epoch 33 | step 10/50 | loss 0.0021 | elapsed 32.7s
Epoch 33 | step 20/50 | loss 0.0018 | elapsed 48.3s
Epoch 33 | step 30/50 | loss 0.0017 | elapsed 71.0s
Epoch 33 | step 40/50 | loss 0.0016 | elapsed 88.7s
Epoch 33 | step 50/50 | loss 0.0015 | elapsed 114.1s
[VAL] Epoch 33 | acc=1.0000 | bal_acc=1.0000 | epoch_time=119.4s

=== Epoch 34/40 ===
Epoch 34 | step 1/50 | loss 0.0009 | elapsed 7.0s
Epoch 34 | step 10/50 | loss 0.0020 | elapsed 20.6s
Epoch 34 | step 20/50 | loss 0.0019 | elapsed 33.8s
Epoch 34 | step 30/50 | loss 0.0016 | elapsed 53.8s
Epoch 34 | step 40/50 | loss 0.0015 | elapsed 66.5s
Epoch 34 | step 50/50 | loss 0.0014 | elapsed 86.0s
[VAL] Epoch 34 | acc=1.0000 | bal_acc=1.0000 | epoch_time=91.4s

=== Epoch 35/40 ===
Epoch 35 | step 1/50 | loss 0.0010 | elapsed 6.7s
Epoch 35 | step 10/50 | loss 0.0025 | elapsed 20.6s
Epoch 35 | step 20/50 | loss 0.0018 | elapsed 33.9s
Epoch 35 | step 30/50 | loss 0.0016 | elapsed 55.2s
Epoch 35 | step 40/50 | loss 0.0015 | elapsed 73.4s
Epoch 35 | step 50/50 | loss 0.0014 | elapsed 93.1s
[VAL] Epoch 35 | acc=1.0000 | bal_acc=1.0000 | epoch_time=98.6s

=== Epoch 36/40 ===
Epoch 36 | step 1/50 | loss 0.0006 | elapsed 10.9s
Epoch 36 | step 10/50 | loss 0.0012 | elapsed 27.4s
Epoch 36 | step 20/50 | loss 0.0012 | elapsed 44.0s
Epoch 36 | step 30/50 | loss 0.0014 | elapsed 66.9s
Epoch 36 | step 40/50 | loss 0.0013 | elapsed 83.6s
Epoch 36 | step 50/50 | loss 0.0014 | elapsed 106.1s
[VAL] Epoch 36 | acc=1.0000 | bal_acc=1.0000 | epoch_time=112.1s

=== Epoch 37/40 ===
Epoch 37 | step 1/50 | loss 0.0009 | elapsed 6.9s
Epoch 37 | step 10/50 | loss 0.0008 | elapsed 20.9s
Epoch 37 | step 20/50 | loss 0.0010 | elapsed 35.3s
Epoch 37 | step 30/50 | loss 0.0011 | elapsed 55.2s
Epoch 37 | step 40/50 | loss 0.0011 | elapsed 73.2s
Epoch 37 | step 50/50 | loss 0.0011 | elapsed 94.0s
[VAL] Epoch 37 | acc=1.0000 | bal_acc=1.0000 | epoch_time=100.6s

=== Epoch 38/40 ===
Epoch 38 | step 1/50 | loss 0.0016 | elapsed 7.2s
Epoch 38 | step 10/50 | loss 0.0014 | elapsed 20.6s
Epoch 38 | step 20/50 | loss 0.0011 | elapsed 35.1s
Epoch 38 | step 30/50 | loss 0.0010 | elapsed 53.3s
Epoch 38 | step 40/50 | loss 0.0010 | elapsed 66.8s
Epoch 38 | step 50/50 | loss 0.0011 | elapsed 86.3s
[VAL] Epoch 38 | acc=1.0000 | bal_acc=1.0000 | epoch_time=92.4s

=== Epoch 39/40 ===
Epoch 39 | step 1/50 | loss 0.0005 | elapsed 10.1s
Epoch 39 | step 10/50 | loss 0.0015 | elapsed 24.1s
Epoch 39 | step 20/50 | loss 0.0013 | elapsed 42.4s
Epoch 39 | step 30/50 | loss 0.0012 | elapsed 56.3s
Epoch 39 | step 40/50 | loss 0.0017 | elapsed 83.8s
Epoch 39 | step 50/50 | loss 0.0016 | elapsed 100.4s
[VAL] Epoch 39 | acc=1.0000 | bal_acc=1.0000 | epoch_time=107.8s

=== Epoch 40/40 ===
Epoch 40 | step 1/50 | loss 0.0005 | elapsed 7.7s
Epoch 40 | step 10/50 | loss 0.0015 | elapsed 24.8s
Epoch 40 | step 20/50 | loss 0.0011 | elapsed 40.8s
Epoch 40 | step 30/50 | loss 0.0011 | elapsed 63.1s
Epoch 40 | step 40/50 | loss 0.0010 | elapsed 80.3s
Epoch 40 | step 50/50 | loss 0.0010 | elapsed 98.1s
[VAL] Epoch 40 | acc=1.0000 | bal_acc=1.0000 | epoch_time=104.3s
Done. Best val balanced accuracy: 1.0
Run dir: runs/site_probe/isbi2027__converged_raw_seed7/20260915_170822
