code_commit=a9805df
88ad1cbc7154fb2aeee7122fdc210986ec91549abaef23ce155723ec945e0b1e  /mnt/rhome/mmi/projects/isbi2027/code/scripts/train_site_probe.py
5e90010bbc0d89e6497f43cb75606207aea3b0fe659888b430f923a934b9c3ad  /mnt/rhome/mmi/projects/isbi2027/code/src/harmonit/data/abide_slices_dataset.py
46da7a7e43c047b80976307eb4223d1e687d78389016b6fe6852c0bae5307d82  /mnt/rhome/mmi/projects/isbi2027/code/src/harmonit/data/label_controls.py
Device: cuda
Run hparams: batch_size=64 epochs=40 lr=0.0003 steps_per_epoch=50 val_batches=0 lr_schedule=cosine warmup_steps=50 worker_reseed=True
MLflow tracking URI: sqlite:////home/mmi/mlflow_local/isbi2027.db
Num classes (sites): 17
Class names: ['CMU', 'Caltech', 'KKI', 'Leuven', 'MaxMun', 'NYU', 'OHSU', 'Olin', 'Pitt', 'SBL', 'SDSU', 'Stanford', 'Trinity', 'UCLA', 'UM', 'USM', 'Yale']

=== Epoch 1/40 ===
Epoch 1 | step 1/50 | loss 2.7093 | elapsed 14.9s
Epoch 1 | step 10/50 | loss 2.7201 | elapsed 37.5s
Epoch 1 | step 20/50 | loss 2.5139 | elapsed 62.4s
Epoch 1 | step 30/50 | loss 2.2722 | elapsed 102.1s
Epoch 1 | step 40/50 | loss 2.0611 | elapsed 131.6s
Epoch 1 | step 50/50 | loss 1.8650 | elapsed 157.8s
[VAL] Epoch 1 | acc=0.6372 | bal_acc=0.4865 | epoch_time=173.1s

=== Epoch 2/40 ===
Epoch 2 | step 1/50 | loss 0.8268 | elapsed 14.6s
Epoch 2 | step 10/50 | loss 0.7915 | elapsed 36.9s
Epoch 2 | step 20/50 | loss 0.7344 | elapsed 57.4s
Epoch 2 | step 30/50 | loss 0.6632 | elapsed 88.6s
Epoch 2 | step 40/50 | loss 0.5916 | elapsed 113.8s
Epoch 2 | step 50/50 | loss 0.5365 | elapsed 146.3s
[VAL] Epoch 2 | acc=0.8407 | bal_acc=0.8032 | epoch_time=153.8s

=== Epoch 3/40 ===
Epoch 3 | step 1/50 | loss 0.3068 | elapsed 10.8s
Epoch 3 | step 10/50 | loss 0.2471 | elapsed 31.3s
Epoch 3 | step 20/50 | loss 0.2709 | elapsed 52.7s
Epoch 3 | step 30/50 | loss 0.2572 | elapsed 87.5s
Epoch 3 | step 40/50 | loss 0.2384 | elapsed 108.4s
Epoch 3 | step 50/50 | loss 0.2249 | elapsed 137.8s
[VAL] Epoch 3 | acc=0.9292 | bal_acc=0.9029 | epoch_time=147.2s

=== Epoch 4/40 ===
Epoch 4 | step 1/50 | loss 0.1898 | elapsed 12.0s
Epoch 4 | step 10/50 | loss 0.1513 | elapsed 33.0s
Epoch 4 | step 20/50 | loss 0.1575 | elapsed 53.3s
Epoch 4 | step 30/50 | loss 0.1697 | elapsed 88.4s
Epoch 4 | step 40/50 | loss 0.1657 | elapsed 114.2s
Epoch 4 | step 50/50 | loss 0.1564 | elapsed 135.4s
[VAL] Epoch 4 | acc=0.8850 | bal_acc=0.8474 | epoch_time=142.9s

=== Epoch 5/40 ===
Epoch 5 | step 1/50 | loss 0.1793 | elapsed 10.3s
Epoch 5 | step 10/50 | loss 0.1117 | elapsed 33.3s
Epoch 5 | step 20/50 | loss 0.1153 | elapsed 54.6s
Epoch 5 | step 30/50 | loss 0.1108 | elapsed 91.1s
Epoch 5 | step 40/50 | loss 0.1041 | elapsed 113.4s
Epoch 5 | step 50/50 | loss 0.0965 | elapsed 136.5s
[VAL] Epoch 5 | acc=0.8584 | bal_acc=0.8011 | epoch_time=142.4s

=== Epoch 6/40 ===
Epoch 6 | step 1/50 | loss 0.0576 | elapsed 9.0s
Epoch 6 | step 10/50 | loss 0.0484 | elapsed 22.7s
Epoch 6 | step 20/50 | loss 0.0579 | elapsed 38.8s
Epoch 6 | step 30/50 | loss 0.0639 | elapsed 62.7s
Epoch 6 | step 40/50 | loss 0.0699 | elapsed 79.4s
Epoch 6 | step 50/50 | loss 0.0707 | elapsed 100.2s
[VAL] Epoch 6 | acc=0.7168 | bal_acc=0.6182 | epoch_time=105.7s

=== Epoch 7/40 ===
Epoch 7 | step 1/50 | loss 0.0871 | elapsed 7.5s
Epoch 7 | step 10/50 | loss 0.0803 | elapsed 20.6s
Epoch 7 | step 20/50 | loss 0.0827 | elapsed 33.9s
Epoch 7 | step 30/50 | loss 0.0764 | elapsed 55.3s
Epoch 7 | step 40/50 | loss 0.0758 | elapsed 70.1s
Epoch 7 | step 50/50 | loss 0.0735 | elapsed 89.9s
[VAL] Epoch 7 | acc=0.7257 | bal_acc=0.7932 | epoch_time=95.3s

=== Epoch 8/40 ===
Epoch 8 | step 1/50 | loss 0.0482 | elapsed 7.4s
Epoch 8 | step 10/50 | loss 0.0615 | elapsed 21.3s
Epoch 8 | step 20/50 | loss 0.0525 | elapsed 41.4s
Epoch 8 | step 30/50 | loss 0.0470 | elapsed 67.0s
Epoch 8 | step 40/50 | loss 0.0451 | elapsed 81.0s
Epoch 8 | step 50/50 | loss 0.0436 | elapsed 102.3s
[VAL] Epoch 8 | acc=0.9292 | bal_acc=0.9374 | epoch_time=108.7s

=== Epoch 9/40 ===
Epoch 9 | step 1/50 | loss 0.0131 | elapsed 9.7s
Epoch 9 | step 10/50 | loss 0.0258 | elapsed 29.2s
Epoch 9 | step 20/50 | loss 0.0247 | elapsed 47.3s
Epoch 9 | step 30/50 | loss 0.0248 | elapsed 73.3s
Epoch 9 | step 40/50 | loss 0.0269 | elapsed 90.2s
Epoch 9 | step 50/50 | loss 0.0261 | elapsed 113.3s
[VAL] Epoch 9 | acc=0.9558 | bal_acc=0.9339 | epoch_time=119.7s

=== Epoch 10/40 ===
Epoch 10 | step 1/50 | loss 0.0239 | elapsed 8.2s
Epoch 10 | step 10/50 | loss 0.0223 | elapsed 25.0s
Epoch 10 | step 20/50 | loss 0.0348 | elapsed 42.0s
Epoch 10 | step 30/50 | loss 0.0364 | elapsed 71.4s
Epoch 10 | step 40/50 | loss 0.0362 | elapsed 91.4s
Epoch 10 | step 50/50 | loss 0.0351 | elapsed 114.4s
[VAL] Epoch 10 | acc=0.9735 | bal_acc=0.9711 | epoch_time=119.7s

=== Epoch 11/40 ===
Epoch 11 | step 1/50 | loss 0.0087 | elapsed 8.2s
Epoch 11 | step 10/50 | loss 0.0377 | elapsed 20.8s
Epoch 11 | step 20/50 | loss 0.0303 | elapsed 39.4s
Epoch 11 | step 30/50 | loss 0.0290 | elapsed 60.4s
Epoch 11 | step 40/50 | loss 0.0276 | elapsed 75.7s
Epoch 11 | step 50/50 | loss 0.0330 | elapsed 95.0s
[VAL] Epoch 11 | acc=0.8230 | bal_acc=0.7965 | epoch_time=100.5s

=== Epoch 12/40 ===
Epoch 12 | step 1/50 | loss 0.0715 | elapsed 7.3s
Epoch 12 | step 10/50 | loss 0.0548 | elapsed 19.2s
Epoch 12 | step 20/50 | loss 0.0503 | elapsed 34.3s
Epoch 12 | step 30/50 | loss 0.0427 | elapsed 56.0s
Epoch 12 | step 40/50 | loss 0.0439 | elapsed 70.9s
Epoch 12 | step 50/50 | loss 0.0434 | elapsed 90.2s
[VAL] Epoch 12 | acc=0.6814 | bal_acc=0.7499 | epoch_time=95.6s

=== Epoch 13/40 ===
Epoch 13 | step 1/50 | loss 0.0095 | elapsed 6.9s
Epoch 13 | step 10/50 | loss 0.0391 | elapsed 19.0s
Epoch 13 | step 20/50 | loss 0.0395 | elapsed 36.6s
Epoch 13 | step 30/50 | loss 0.0382 | elapsed 58.0s
Epoch 13 | step 40/50 | loss 0.0360 | elapsed 74.9s
Epoch 13 | step 50/50 | loss 0.0337 | elapsed 98.7s
[VAL] Epoch 13 | acc=0.9558 | bal_acc=0.9437 | epoch_time=104.3s

=== Epoch 14/40 ===
Epoch 14 | step 1/50 | loss 0.0220 | elapsed 7.3s
Epoch 14 | step 10/50 | loss 0.0200 | elapsed 22.4s
Epoch 14 | step 20/50 | loss 0.0232 | elapsed 38.8s
Epoch 14 | step 30/50 | loss 0.0270 | elapsed 66.3s
Epoch 14 | step 40/50 | loss 0.0263 | elapsed 81.6s
Epoch 14 | step 50/50 | loss 0.0243 | elapsed 100.1s
[VAL] Epoch 14 | acc=0.9646 | bal_acc=0.9599 | epoch_time=105.6s

=== Epoch 15/40 ===
Epoch 15 | step 1/50 | loss 0.0248 | elapsed 10.0s
Epoch 15 | step 10/50 | loss 0.0197 | elapsed 23.7s
Epoch 15 | step 20/50 | loss 0.0217 | elapsed 38.3s
Epoch 15 | step 30/50 | loss 0.0233 | elapsed 58.0s
Epoch 15 | step 40/50 | loss 0.0225 | elapsed 74.7s
Epoch 15 | step 50/50 | loss 0.0210 | elapsed 91.9s
[VAL] Epoch 15 | acc=0.9381 | bal_acc=0.9553 | epoch_time=97.4s

=== Epoch 16/40 ===
Epoch 16 | step 1/50 | loss 0.0135 | elapsed 7.0s
Epoch 16 | step 10/50 | loss 0.0163 | elapsed 19.3s
Epoch 16 | step 20/50 | loss 0.0132 | elapsed 34.3s
Epoch 16 | step 30/50 | loss 0.0153 | elapsed 54.9s
Epoch 16 | step 40/50 | loss 0.0174 | elapsed 69.4s
Epoch 16 | step 50/50 | loss 0.0170 | elapsed 88.4s
[VAL] Epoch 16 | acc=0.9027 | bal_acc=0.8725 | epoch_time=94.1s

=== Epoch 17/40 ===
Epoch 17 | step 1/50 | loss 0.0046 | elapsed 6.4s
Epoch 17 | step 10/50 | loss 0.0093 | elapsed 21.8s
Epoch 17 | step 20/50 | loss 0.0084 | elapsed 42.1s
Epoch 17 | step 30/50 | loss 0.0078 | elapsed 60.5s
Epoch 17 | step 40/50 | loss 0.0069 | elapsed 88.3s
Epoch 17 | step 50/50 | loss 0.0068 | elapsed 104.9s
[VAL] Epoch 17 | acc=0.9823 | bal_acc=0.9848 | epoch_time=111.0s

=== Epoch 18/40 ===
Epoch 18 | step 1/50 | loss 0.0028 | elapsed 8.3s
Epoch 18 | step 10/50 | loss 0.0074 | elapsed 22.0s
Epoch 18 | step 20/50 | loss 0.0097 | elapsed 40.9s
Epoch 18 | step 30/50 | loss 0.0096 | elapsed 64.2s
Epoch 18 | step 40/50 | loss 0.0096 | elapsed 78.1s
Epoch 18 | step 50/50 | loss 0.0088 | elapsed 101.7s
[VAL] Epoch 18 | acc=0.9912 | bal_acc=0.9947 | epoch_time=107.8s

=== Epoch 19/40 ===
Epoch 19 | step 1/50 | loss 0.0338 | elapsed 8.0s
Epoch 19 | step 10/50 | loss 0.0073 | elapsed 22.2s
Epoch 19 | step 20/50 | loss 0.0066 | elapsed 42.1s
Epoch 19 | step 30/50 | loss 0.0065 | elapsed 63.8s
Epoch 19 | step 40/50 | loss 0.0056 | elapsed 84.8s
Epoch 19 | step 50/50 | loss 0.0050 | elapsed 105.3s
[VAL] Epoch 19 | acc=0.9823 | bal_acc=0.9888 | epoch_time=111.0s

=== Epoch 20/40 ===
Epoch 20 | step 1/50 | loss 0.0044 | elapsed 9.2s
Epoch 20 | step 10/50 | loss 0.0041 | elapsed 22.0s
Epoch 20 | step 20/50 | loss 0.0057 | elapsed 39.8s
Epoch 20 | step 30/50 | loss 0.0057 | elapsed 59.2s
Epoch 20 | step 40/50 | loss 0.0050 | elapsed 82.5s
Epoch 20 | step 50/50 | loss 0.0047 | elapsed 101.0s
[VAL] Epoch 20 | acc=0.9912 | bal_acc=0.9947 | epoch_time=106.8s

=== Epoch 21/40 ===
Epoch 21 | step 1/50 | loss 0.0013 | elapsed 9.3s
Epoch 21 | step 10/50 | loss 0.0020 | elapsed 22.2s
Epoch 21 | step 20/50 | loss 0.0026 | elapsed 36.2s
Epoch 21 | step 30/50 | loss 0.0036 | elapsed 60.2s
Epoch 21 | step 40/50 | loss 0.0034 | elapsed 78.1s
Epoch 21 | step 50/50 | loss 0.0035 | elapsed 100.3s
[VAL] Epoch 21 | acc=0.9912 | bal_acc=0.9947 | epoch_time=106.0s

=== Epoch 22/40 ===
Epoch 22 | step 1/50 | loss 0.0209 | elapsed 6.4s
Epoch 22 | step 10/50 | loss 0.0049 | elapsed 19.7s
Epoch 22 | step 20/50 | loss 0.0036 | elapsed 36.4s
Epoch 22 | step 30/50 | loss 0.0044 | elapsed 63.6s
Epoch 22 | step 40/50 | loss 0.0045 | elapsed 80.2s
Epoch 22 | step 50/50 | loss 0.0041 | elapsed 101.5s
[VAL] Epoch 22 | acc=0.9823 | bal_acc=0.9799 | epoch_time=107.4s

=== Epoch 23/40 ===
Epoch 23 | step 1/50 | loss 0.0105 | elapsed 7.8s
Epoch 23 | step 10/50 | loss 0.0038 | elapsed 23.7s
Epoch 23 | step 20/50 | loss 0.0031 | elapsed 40.2s
Epoch 23 | step 30/50 | loss 0.0028 | elapsed 65.0s
Epoch 23 | step 40/50 | loss 0.0026 | elapsed 80.4s
Epoch 23 | step 50/50 | loss 0.0024 | elapsed 103.1s
[VAL] Epoch 23 | acc=0.9912 | bal_acc=0.9947 | epoch_time=109.9s

=== Epoch 24/40 ===
Epoch 24 | step 1/50 | loss 0.0009 | elapsed 9.7s
Epoch 24 | step 10/50 | loss 0.0026 | elapsed 26.6s
Epoch 24 | step 20/50 | loss 0.0030 | elapsed 42.7s
Epoch 24 | step 30/50 | loss 0.0027 | elapsed 64.3s
Epoch 24 | step 40/50 | loss 0.0025 | elapsed 85.7s
Epoch 24 | step 50/50 | loss 0.0023 | elapsed 102.9s
[VAL] Epoch 24 | acc=0.9912 | bal_acc=0.9947 | epoch_time=109.0s

=== Epoch 25/40 ===
Epoch 25 | step 1/50 | loss 0.0063 | elapsed 7.1s
Epoch 25 | step 10/50 | loss 0.0019 | elapsed 24.0s
Epoch 25 | step 20/50 | loss 0.0015 | elapsed 40.4s
Epoch 25 | step 30/50 | loss 0.0015 | elapsed 61.7s
Epoch 25 | step 40/50 | loss 0.0016 | elapsed 83.4s
Epoch 25 | step 50/50 | loss 0.0018 | elapsed 107.3s
[VAL] Epoch 25 | acc=0.9912 | bal_acc=0.9947 | epoch_time=115.6s

=== Epoch 26/40 ===
Epoch 26 | step 1/50 | loss 0.0008 | elapsed 11.3s
Epoch 26 | step 10/50 | loss 0.0022 | elapsed 30.8s
Epoch 26 | step 20/50 | loss 0.0039 | elapsed 52.2s
Epoch 26 | step 30/50 | loss 0.0034 | elapsed 78.6s
Epoch 26 | step 40/50 | loss 0.0041 | elapsed 100.5s
Epoch 26 | step 50/50 | loss 0.0037 | elapsed 127.4s
[VAL] Epoch 26 | acc=0.9823 | bal_acc=0.9848 | epoch_time=135.7s

=== Epoch 27/40 ===
Epoch 27 | step 1/50 | loss 0.0020 | elapsed 10.8s
Epoch 27 | step 10/50 | loss 0.0036 | elapsed 25.3s
Epoch 27 | step 20/50 | loss 0.0029 | elapsed 40.6s
Epoch 27 | step 30/50 | loss 0.0027 | elapsed 70.8s
Epoch 27 | step 40/50 | loss 0.0024 | elapsed 91.7s
Epoch 27 | step 50/50 | loss 0.0022 | elapsed 115.5s
[VAL] Epoch 27 | acc=0.9823 | bal_acc=0.9888 | epoch_time=122.1s

=== Epoch 28/40 ===
Epoch 28 | step 1/50 | loss 0.0007 | elapsed 9.4s
Epoch 28 | step 10/50 | loss 0.0018 | elapsed 28.1s
Epoch 28 | step 20/50 | loss 0.0016 | elapsed 47.7s
Epoch 28 | step 30/50 | loss 0.0017 | elapsed 79.0s
Epoch 28 | step 40/50 | loss 0.0024 | elapsed 101.6s
Epoch 28 | step 50/50 | loss 0.0022 | elapsed 126.8s
[VAL] Epoch 28 | acc=0.9912 | bal_acc=0.9947 | epoch_time=135.2s

=== Epoch 29/40 ===
Epoch 29 | step 1/50 | loss 0.0029 | elapsed 11.0s
Epoch 29 | step 10/50 | loss 0.0035 | elapsed 23.1s
Epoch 29 | step 20/50 | loss 0.0023 | elapsed 38.6s
Epoch 29 | step 30/50 | loss 0.0025 | elapsed 68.4s
Epoch 29 | step 40/50 | loss 0.0022 | elapsed 83.1s
Epoch 29 | step 50/50 | loss 0.0021 | elapsed 101.5s
[VAL] Epoch 29 | acc=0.9912 | bal_acc=0.9947 | epoch_time=107.0s

=== Epoch 30/40 ===
Epoch 30 | step 1/50 | loss 0.0007 | elapsed 6.9s
Epoch 30 | step 10/50 | loss 0.0010 | elapsed 19.5s
Epoch 30 | step 20/50 | loss 0.0011 | elapsed 33.4s
Epoch 30 | step 30/50 | loss 0.0012 | elapsed 53.9s
Epoch 30 | step 40/50 | loss 0.0014 | elapsed 69.0s
Epoch 30 | step 50/50 | loss 0.0013 | elapsed 88.6s
[VAL] Epoch 30 | acc=0.9912 | bal_acc=0.9947 | epoch_time=94.0s

=== Epoch 31/40 ===
Epoch 31 | step 1/50 | loss 0.0006 | elapsed 7.7s
Epoch 31 | step 10/50 | loss 0.0016 | elapsed 20.0s
Epoch 31 | step 20/50 | loss 0.0012 | elapsed 33.2s
Epoch 31 | step 30/50 | loss 0.0013 | elapsed 53.3s
Epoch 31 | step 40/50 | loss 0.0016 | elapsed 70.5s
Epoch 31 | step 50/50 | loss 0.0017 | elapsed 87.3s
[VAL] Epoch 31 | acc=0.9912 | bal_acc=0.9947 | epoch_time=92.8s

=== Epoch 32/40 ===
Epoch 32 | step 1/50 | loss 0.0018 | elapsed 6.7s
Epoch 32 | step 10/50 | loss 0.0009 | elapsed 19.2s
Epoch 32 | step 20/50 | loss 0.0015 | elapsed 39.3s
Epoch 32 | step 30/50 | loss 0.0018 | elapsed 62.6s
Epoch 32 | step 40/50 | loss 0.0016 | elapsed 79.7s
Epoch 32 | step 50/50 | loss 0.0017 | elapsed 99.3s
[VAL] Epoch 32 | acc=0.9912 | bal_acc=0.9947 | epoch_time=106.7s

=== Epoch 33/40 ===
Epoch 33 | step 1/50 | loss 0.0007 | elapsed 10.0s
Epoch 33 | step 10/50 | loss 0.0028 | elapsed 31.9s
Epoch 33 | step 20/50 | loss 0.0021 | elapsed 44.8s
Epoch 33 | step 30/50 | loss 0.0019 | elapsed 63.6s
Epoch 33 | step 40/50 | loss 0.0017 | elapsed 77.3s
Epoch 33 | step 50/50 | loss 0.0016 | elapsed 95.6s
[VAL] Epoch 33 | acc=0.9912 | bal_acc=0.9947 | epoch_time=100.9s

=== Epoch 34/40 ===
Epoch 34 | step 1/50 | loss 0.0013 | elapsed 6.7s
Epoch 34 | step 10/50 | loss 0.0009 | elapsed 20.0s
Epoch 34 | step 20/50 | loss 0.0009 | elapsed 32.6s
Epoch 34 | step 30/50 | loss 0.0010 | elapsed 50.7s
Epoch 34 | step 40/50 | loss 0.0010 | elapsed 65.6s
Epoch 34 | step 50/50 | loss 0.0010 | elapsed 85.4s
[VAL] Epoch 34 | acc=0.9912 | bal_acc=0.9947 | epoch_time=93.6s

=== Epoch 35/40 ===
Epoch 35 | step 1/50 | loss 0.0016 | elapsed 8.0s
Epoch 35 | step 10/50 | loss 0.0012 | elapsed 25.0s
Epoch 35 | step 20/50 | loss 0.0010 | elapsed 38.6s
Epoch 35 | step 30/50 | loss 0.0009 | elapsed 57.0s
Epoch 35 | step 40/50 | loss 0.0014 | elapsed 78.7s
Epoch 35 | step 50/50 | loss 0.0013 | elapsed 93.8s
[VAL] Epoch 35 | acc=0.9912 | bal_acc=0.9947 | epoch_time=100.6s

=== Epoch 36/40 ===
Epoch 36 | step 1/50 | loss 0.0008 | elapsed 8.0s
Epoch 36 | step 10/50 | loss 0.0020 | elapsed 23.2s
Epoch 36 | step 20/50 | loss 0.0017 | elapsed 39.6s
Epoch 36 | step 30/50 | loss 0.0020 | elapsed 58.5s
Epoch 36 | step 40/50 | loss 0.0018 | elapsed 72.3s
Epoch 36 | step 50/50 | loss 0.0016 | elapsed 94.6s
[VAL] Epoch 36 | acc=0.9912 | bal_acc=0.9947 | epoch_time=101.2s

=== Epoch 37/40 ===
Epoch 37 | step 1/50 | loss 0.0008 | elapsed 6.6s
Epoch 37 | step 10/50 | loss 0.0011 | elapsed 22.0s
Epoch 37 | step 20/50 | loss 0.0014 | elapsed 44.5s
Epoch 37 | step 30/50 | loss 0.0013 | elapsed 58.0s
Epoch 37 | step 40/50 | loss 0.0013 | elapsed 77.1s
Epoch 37 | step 50/50 | loss 0.0013 | elapsed 89.4s
[VAL] Epoch 37 | acc=0.9912 | bal_acc=0.9947 | epoch_time=94.8s

=== Epoch 38/40 ===
Epoch 38 | step 1/50 | loss 0.0023 | elapsed 6.4s
Epoch 38 | step 10/50 | loss 0.0008 | elapsed 19.9s
Epoch 38 | step 20/50 | loss 0.0009 | elapsed 33.7s
Epoch 38 | step 30/50 | loss 0.0009 | elapsed 54.8s
Epoch 38 | step 40/50 | loss 0.0008 | elapsed 75.5s
Epoch 38 | step 50/50 | loss 0.0009 | elapsed 92.5s
[VAL] Epoch 38 | acc=0.9912 | bal_acc=0.9947 | epoch_time=97.8s

=== Epoch 39/40 ===
Epoch 39 | step 1/50 | loss 0.0026 | elapsed 7.1s
Epoch 39 | step 10/50 | loss 0.0015 | elapsed 23.6s
Epoch 39 | step 20/50 | loss 0.0012 | elapsed 41.3s
Epoch 39 | step 30/50 | loss 0.0011 | elapsed 61.2s
Epoch 39 | step 40/50 | loss 0.0014 | elapsed 78.7s
Epoch 39 | step 50/50 | loss 0.0012 | elapsed 100.4s
[VAL] Epoch 39 | acc=0.9912 | bal_acc=0.9947 | epoch_time=109.1s

=== Epoch 40/40 ===
Epoch 40 | step 1/50 | loss 0.0010 | elapsed 7.7s
Epoch 40 | step 10/50 | loss 0.0013 | elapsed 24.1s
Epoch 40 | step 20/50 | loss 0.0018 | elapsed 37.0s
Epoch 40 | step 30/50 | loss 0.0015 | elapsed 56.7s
Epoch 40 | step 40/50 | loss 0.0014 | elapsed 68.5s
Epoch 40 | step 50/50 | loss 0.0015 | elapsed 85.2s
[VAL] Epoch 40 | acc=0.9912 | bal_acc=0.9947 | epoch_time=90.4s
Done. Best val balanced accuracy: 0.9946524064171124
Run dir: runs/site_probe/isbi2027__converged_raw_seed8/20260915_170957
